2026-02-03 10:05:04,337 - INFO - ✅ 赚钱效应追踪模块加载成功
2026-02-03 10:05:04,337 - INFO - ✅ 妖股基因模块加载成功
2026-02-03 10:05:04,338 - INFO - ✅ 热点板块追踪模块加载成功
2026-02-03 10:05:04,338 - WARNING - 未检测到 xtquant 库，QMT 实盘模式将不可用
2026-02-03 10:05:04,444 - INFO - 模拟盘市值已更新: ￥97775.00
2026-02-03 10:05:04,444 - INFO - ?? 赚钱效应追踪器已激活
2026-02-03 10:05:04,445 - INFO - ✅ 妖股基因库加载成功: 13 只股票
2026-02-03 10:05:04,445 - INFO - 🧬 妖股基因追踪器已激活 (基因库: 13 只)
2026-02-03 10:05:04,446 - INFO - 🔥 热点板块追踪器已激活 (自动识别主线+避免接盘)
2026-02-03 10:05:04,446 - INFO - === 自动交易机器人启动 (当前模式: SIMULATION) ===
2026-02-03 10:05:04,446 - INFO - --- 扫描开始 10:05:04 ---
2026-02-03 10:05:04,601 - INFO - ✅ 获取涨停池: 29 只
2026-02-03 10:05:04,750 - INFO - ✅ 获取连板股: 10 只
2026-02-03 10:05:04,910 - INFO - ✅ 获取跌停池: 18 只
2026-02-03 10:05:04,985 - INFO - ✅ 获取概念板块: 49 个
2026-02-03 10:05:05,199 - INFO - ✅ 获取资金流向: 50 只
2026-02-03 10:05:05,203 - INFO - 💰 赚钱效应评分: 35.4/100 (WEAK)
2026-02-03 10:05:05,203 - INFO - 📊 赚钱效应评分: 35.4/100 (WEAK) → BEARISH
2026-02-03 10:05:05,203 - INFO - 📊 市场情绪: BEARISH (评分: 35.4/100)
2026-02-03 10:05:05,203 - WARNING - 🌊 检测到市场退潮，暂停买入操作！
