WARNING:root:未检测到 xtquant 库，QMT 实盘模式将不可用
ERROR:root:更新市值失败: ('Connection aborted.', RemoteDisconnected('Remote end closed connection without response'))
ERROR:root:计算失败 603633: ('Connection aborted.', RemoteDisconnected('Remote end closed connection without response'))
ERROR:root:计算失败 300438: ('Connection aborted.', RemoteDisconnected('Remote end closed connection without response'))
ERROR:root:计算失败 301391: ('Connection aborted.', RemoteDisconnected('Remote end closed connection without response'))
ERROR:root:获取主线失败: ('Connection aborted.', RemoteDisconnected('Remote end closed connection without response'))
ERROR:root:异常: ('Connection aborted.', RemoteDisconnected('Remote end closed connection without response'))
ERROR:root:计算失败 603633: ('Connection aborted.', RemoteDisconnected('Remote end closed connection without response'))
ERROR:root:计算失败 300438: ('Connection aborted.', RemoteDisconnected('Remote end closed connection without response'))
ERROR:root:计算失败 301391: ('Connection aborted.', RemoteDisconnected('Remote end closed connection without response'))
ERROR:root:获取主线失败: ('Connection aborted.', RemoteDisconnected('Remote end closed connection without response'))
ERROR:root:异常: ('Connection aborted.', RemoteDisconnected('Remote end closed connection without response'))
ERROR:root:计算失败 603633: ('Connection aborted.', RemoteDisconnected('Remote end closed connection without response'))
ERROR:root:计算失败 300438: ('Connection aborted.', RemoteDisconnected('Remote end closed connection without response'))
ERROR:root:计算失败 301391: ('Connection aborted.', RemoteDisconnected('Remote end closed connection without response'))
ERROR:root:获取主线失败: ('Connection aborted.', RemoteDisconnected('Remote end closed connection without response'))
ERROR:root:异常: ('Connection aborted.', RemoteDisconnected('Remote end closed connection without response'))
ERROR:root:计算失败 603633: ('Connection aborted.', RemoteDisconnected('Remote end closed connection without response'))
ERROR:root:计算失败 300438: ('Connection aborted.', RemoteDisconnected('Remote end closed connection without response'))
ERROR:root:计算失败 301391: ('Connection aborted.', RemoteDisconnected('Remote end closed connection without response'))
ERROR:root:获取主线失败: ('Connection aborted.', RemoteDisconnected('Remote end closed connection without response'))
ERROR:root:异常: ('Connection aborted.', RemoteDisconnected('Remote end closed connection without response'))
ERROR:root:计算失败 603633: ('Connection aborted.', RemoteDisconnected('Remote end closed connection without response'))
ERROR:root:计算失败 300438: ('Connection aborted.', RemoteDisconnected('Remote end closed connection without response'))
ERROR:root:计算失败 301391: ('Connection aborted.', RemoteDisconnected('Remote end closed connection without response'))
ERROR:root:获取主线失败: ('Connection aborted.', RemoteDisconnected('Remote end closed connection without response'))
ERROR:root:异常: ('Connection aborted.', RemoteDisconnected('Remote end closed connection without response'))
ERROR:root:计算失败 603633: ('Connection aborted.', RemoteDisconnected('Remote end closed connection without response'))
ERROR:root:计算失败 300438: ('Connection aborted.', RemoteDisconnected('Remote end closed connection without response'))
ERROR:root:计算失败 301391: ('Connection aborted.', RemoteDisconnected('Remote end closed connection without response'))
ERROR:root:获取主线失败: ('Connection aborted.', RemoteDisconnected('Remote end closed connection without response'))
ERROR:root:异常: ('Connection aborted.', RemoteDisconnected('Remote end closed connection without response'))
ERROR:root:计算失败 603633: ('Connection aborted.', RemoteDisconnected('Remote end closed connection without response'))
ERROR:root:计算失败 300438: ('Connection aborted.', RemoteDisconnected('Remote end closed connection without response'))
ERROR:root:计算失败 301391: ('Connection aborted.', RemoteDisconnected('Remote end closed connection without response'))
ERROR:root:获取主线失败: ('Connection aborted.', RemoteDisconnected('Remote end closed connection without response'))
ERROR:root:异常: ('Connection aborted.', RemoteDisconnected('Remote end closed connection without response'))
ERROR:root:计算失败 603633: ('Connection aborted.', RemoteDisconnected('Remote end closed connection without response'))
ERROR:root:计算失败 300438: ('Connection aborted.', RemoteDisconnected('Remote end closed connection without response'))
ERROR:root:计算失败 301391: ('Connection aborted.', RemoteDisconnected('Remote end closed connection without response'))
ERROR:root:获取主线失败: ('Connection aborted.', RemoteDisconnected('Remote end closed connection without response'))
ERROR:root:异常: ('Connection aborted.', RemoteDisconnected('Remote end closed connection without response'))
ERROR:root:计算失败 603633: ('Connection aborted.', RemoteDisconnected('Remote end closed connection without response'))
ERROR:root:计算失败 300438: ('Connection aborted.', RemoteDisconnected('Remote end closed connection without response'))
ERROR:root:计算失败 301391: ('Connection aborted.', RemoteDisconnected('Remote end closed connection without response'))
ERROR:root:获取主线失败: ('Connection aborted.', RemoteDisconnected('Remote end closed connection without response'))
ERROR:root:异常: ('Connection aborted.', RemoteDisconnected('Remote end closed connection without response'))
ERROR:root:计算失败 603633: ('Connection aborted.', RemoteDisconnected('Remote end closed connection without response'))
ERROR:root:计算失败 300438: ('Connection aborted.', RemoteDisconnected('Remote end closed connection without response'))
ERROR:root:计算失败 301391: ('Connection aborted.', RemoteDisconnected('Remote end closed connection without response'))
ERROR:root:获取主线失败: ('Connection aborted.', RemoteDisconnected('Remote end closed connection without response'))
ERROR:root:异常: ('Connection aborted.', RemoteDisconnected('Remote end closed connection without response'))
ERROR:root:计算失败 603633: ('Connection aborted.', RemoteDisconnected('Remote end closed connection without response'))
ERROR:root:计算失败 300438: ('Connection aborted.', RemoteDisconnected('Remote end closed connection without response'))
ERROR:root:计算失败 301391: ('Connection aborted.', RemoteDisconnected('Remote end closed connection without response'))
ERROR:root:获取主线失败: ('Connection aborted.', RemoteDisconnected('Remote end closed connection without response'))
ERROR:root:异常: ('Connection aborted.', RemoteDisconnected('Remote end closed connection without response'))
ERROR:root:计算失败 603633: ('Connection aborted.', RemoteDisconnected('Remote end closed connection without response'))
ERROR:root:计算失败 300438: ('Connection aborted.', RemoteDisconnected('Remote end closed connection without response'))
ERROR:root:计算失败 301391: ('Connection aborted.', RemoteDisconnected('Remote end closed connection without response'))
ERROR:root:获取主线失败: ('Connection aborted.', RemoteDisconnected('Remote end closed connection without response'))
ERROR:root:异常: ('Connection aborted.', RemoteDisconnected('Remote end closed connection without response'))
ERROR:root:计算失败 603633: ('Connection aborted.', RemoteDisconnected('Remote end closed connection without response'))
ERROR:root:计算失败 300438: ('Connection aborted.', RemoteDisconnected('Remote end closed connection without response'))
ERROR:root:计算失败 301391: ('Connection aborted.', RemoteDisconnected('Remote end closed connection without response'))
ERROR:root:获取主线失败: ('Connection aborted.', RemoteDisconnected('Remote end closed connection without response'))
ERROR:root:异常: ('Connection aborted.', RemoteDisconnected('Remote end closed connection without response'))
ERROR:root:计算失败 603633: ('Connection aborted.', RemoteDisconnected('Remote end closed connection without response'))
ERROR:root:计算失败 300438: ('Connection aborted.', RemoteDisconnected('Remote end closed connection without response'))
ERROR:root:计算失败 301391: ('Connection aborted.', RemoteDisconnected('Remote end closed connection without response'))
ERROR:root:获取主线失败: ('Connection aborted.', RemoteDisconnected('Remote end closed connection without response'))
ERROR:root:异常: ('Connection aborted.', RemoteDisconnected('Remote end closed connection without response'))
ERROR:root:计算失败 603633: ('Connection aborted.', RemoteDisconnected('Remote end closed connection without response'))
ERROR:root:计算失败 300438: ('Connection aborted.', RemoteDisconnected('Remote end closed connection without response'))
ERROR:root:计算失败 301391: ('Connection aborted.', RemoteDisconnected('Remote end closed connection without response'))
ERROR:root:获取主线失败: ('Connection aborted.', RemoteDisconnected('Remote end closed connection without response'))
ERROR:root:异常: ('Connection aborted.', RemoteDisconnected('Remote end closed connection without response'))
ERROR:root:计算失败 603633: ('Connection aborted.', RemoteDisconnected('Remote end closed connection without response'))
ERROR:root:计算失败 300438: ('Connection aborted.', RemoteDisconnected('Remote end closed connection without response'))
ERROR:root:计算失败 301391: ('Connection aborted.', RemoteDisconnected('Remote end closed connection without response'))
ERROR:root:获取主线失败: ('Connection aborted.', RemoteDisconnected('Remote end closed connection without response'))
ERROR:root:异常: ('Connection aborted.', RemoteDisconnected('Remote end closed connection without response'))
ERROR:root:计算失败 603633: ('Connection aborted.', RemoteDisconnected('Remote end closed connection without response'))
ERROR:root:计算失败 300438: ('Connection aborted.', RemoteDisconnected('Remote end closed connection without response'))
ERROR:root:计算失败 301391: ('Connection aborted.', RemoteDisconnected('Remote end closed connection without response'))
ERROR:root:获取主线失败: ('Connection aborted.', RemoteDisconnected('Remote end closed connection without response'))
ERROR:root:异常: ('Connection aborted.', RemoteDisconnected('Remote end closed connection without response'))
ERROR:root:计算失败 603633: ('Connection aborted.', RemoteDisconnected('Remote end closed connection without response'))
ERROR:root:计算失败 300438: ('Connection aborted.', RemoteDisconnected('Remote end closed connection without response'))
ERROR:root:计算失败 301391: ('Connection aborted.', RemoteDisconnected('Remote end closed connection without response'))
ERROR:root:获取主线失败: ('Connection aborted.', RemoteDisconnected('Remote end closed connection without response'))
ERROR:root:异常: ('Connection aborted.', RemoteDisconnected('Remote end closed connection without response'))
ERROR:root:计算失败 603633: ('Connection aborted.', RemoteDisconnected('Remote end closed connection without response'))
ERROR:root:计算失败 300438: ('Connection aborted.', RemoteDisconnected('Remote end closed connection without response'))
ERROR:root:计算失败 301391: ('Connection aborted.', RemoteDisconnected('Remote end closed connection without response'))
ERROR:root:获取主线失败: ('Connection aborted.', RemoteDisconnected('Remote end closed connection without response'))
ERROR:root:异常: ('Connection aborted.', RemoteDisconnected('Remote end closed connection without response'))
ERROR:root:计算失败 603633: ('Connection aborted.', RemoteDisconnected('Remote end closed connection without response'))
ERROR:root:计算失败 300438: ('Connection aborted.', RemoteDisconnected('Remote end closed connection without response'))
ERROR:root:计算失败 301391: ('Connection aborted.', RemoteDisconnected('Remote end closed connection without response'))
ERROR:root:获取主线失败: ('Connection aborted.', RemoteDisconnected('Remote end closed connection without response'))
ERROR:root:异常: ('Connection aborted.', RemoteDisconnected('Remote end closed connection without response'))
ERROR:root:计算失败 603633: ('Connection aborted.', RemoteDisconnected('Remote end closed connection without response'))
ERROR:root:计算失败 300438: ('Connection aborted.', RemoteDisconnected('Remote end closed connection without response'))
ERROR:root:计算失败 301391: ('Connection aborted.', RemoteDisconnected('Remote end closed connection without response'))
ERROR:root:获取主线失败: ('Connection aborted.', RemoteDisconnected('Remote end closed connection without response'))
ERROR:root:异常: ('Connection aborted.', RemoteDisconnected('Remote end closed connection without response'))
ERROR:root:计算失败 603633: ('Connection aborted.', RemoteDisconnected('Remote end closed connection without response'))
ERROR:root:计算失败 300438: ('Connection aborted.', RemoteDisconnected('Remote end closed connection without response'))
ERROR:root:计算失败 301391: ('Connection aborted.', RemoteDisconnected('Remote end closed connection without response'))
ERROR:root:获取主线失败: ('Connection aborted.', RemoteDisconnected('Remote end closed connection without response'))
ERROR:root:异常: ('Connection aborted.', RemoteDisconnected('Remote end closed connection without response'))
ERROR:root:计算失败 603633: ('Connection aborted.', RemoteDisconnected('Remote end closed connection without response'))
ERROR:root:计算失败 300438: ('Connection aborted.', RemoteDisconnected('Remote end closed connection without response'))
ERROR:root:计算失败 301391: ('Connection aborted.', RemoteDisconnected('Remote end closed connection without response'))
ERROR:root:获取主线失败: ('Connection aborted.', RemoteDisconnected('Remote end closed connection without response'))
ERROR:root:异常: ('Connection aborted.', RemoteDisconnected('Remote end closed connection without response'))
ERROR:root:计算失败 603633: ('Connection aborted.', RemoteDisconnected('Remote end closed connection without response'))
ERROR:root:计算失败 300438: ('Connection aborted.', RemoteDisconnected('Remote end closed connection without response'))
ERROR:root:计算失败 301391: ('Connection aborted.', RemoteDisconnected('Remote end closed connection without response'))
ERROR:root:获取主线失败: ('Connection aborted.', RemoteDisconnected('Remote end closed connection without response'))
ERROR:root:异常: ('Connection aborted.', RemoteDisconnected('Remote end closed connection without response'))
ERROR:root:计算失败 603633: ('Connection aborted.', RemoteDisconnected('Remote end closed connection without response'))
ERROR:root:计算失败 300438: ('Connection aborted.', RemoteDisconnected('Remote end closed connection without response'))
ERROR:root:计算失败 301391: ('Connection aborted.', RemoteDisconnected('Remote end closed connection without response'))
ERROR:root:获取主线失败: ('Connection aborted.', RemoteDisconnected('Remote end closed connection without response'))
ERROR:root:异常: ('Connection aborted.', RemoteDisconnected('Remote end closed connection without response'))
ERROR:root:计算失败 603633: ('Connection aborted.', RemoteDisconnected('Remote end closed connection without response'))
ERROR:root:计算失败 300438: ('Connection aborted.', RemoteDisconnected('Remote end closed connection without response'))
ERROR:root:计算失败 301391: ('Connection aborted.', RemoteDisconnected('Remote end closed connection without response'))
ERROR:root:获取主线失败: ('Connection aborted.', RemoteDisconnected('Remote end closed connection without response'))
ERROR:root:异常: ('Connection aborted.', RemoteDisconnected('Remote end closed connection without response'))
ERROR:root:计算失败 603633: ('Connection aborted.', RemoteDisconnected('Remote end closed connection without response'))
ERROR:root:计算失败 300438: ('Connection aborted.', RemoteDisconnected('Remote end closed connection without response'))
ERROR:root:计算失败 301391: ('Connection aborted.', RemoteDisconnected('Remote end closed connection without response'))
ERROR:root:获取主线失败: ('Connection aborted.', RemoteDisconnected('Remote end closed connection without response'))
ERROR:root:异常: ('Connection aborted.', RemoteDisconnected('Remote end closed connection without response'))
ERROR:root:计算失败 603633: ('Connection aborted.', RemoteDisconnected('Remote end closed connection without response'))
ERROR:root:计算失败 300438: ('Connection aborted.', RemoteDisconnected('Remote end closed connection without response'))
ERROR:root:计算失败 301391: ('Connection aborted.', RemoteDisconnected('Remote end closed connection without response'))
ERROR:root:获取主线失败: ('Connection aborted.', RemoteDisconnected('Remote end closed connection without response'))
ERROR:root:异常: ('Connection aborted.', RemoteDisconnected('Remote end closed connection without response'))
ERROR:root:计算失败 603633: ('Connection aborted.', RemoteDisconnected('Remote end closed connection without response'))
ERROR:root:计算失败 300438: ('Connection aborted.', RemoteDisconnected('Remote end closed connection without response'))
ERROR:root:计算失败 301391: ('Connection aborted.', RemoteDisconnected('Remote end closed connection without response'))
ERROR:root:获取主线失败: ('Connection aborted.', RemoteDisconnected('Remote end closed connection without response'))
ERROR:root:异常: ('Connection aborted.', RemoteDisconnected('Remote end closed connection without response'))
ERROR:root:计算失败 603633: ('Connection aborted.', RemoteDisconnected('Remote end closed connection without response'))
ERROR:root:计算失败 300438: ('Connection aborted.', RemoteDisconnected('Remote end closed connection without response'))
ERROR:root:计算失败 301391: ('Connection aborted.', RemoteDisconnected('Remote end closed connection without response'))
ERROR:root:获取主线失败: ('Connection aborted.', RemoteDisconnected('Remote end closed connection without response'))
ERROR:root:异常: ('Connection aborted.', RemoteDisconnected('Remote end closed connection without response'))
ERROR:root:计算失败 603633: ('Connection aborted.', RemoteDisconnected('Remote end closed connection without response'))
ERROR:root:计算失败 300438: ('Connection aborted.', RemoteDisconnected('Remote end closed connection without response'))
ERROR:root:计算失败 301391: ('Connection aborted.', RemoteDisconnected('Remote end closed connection without response'))
ERROR:root:获取主线失败: ('Connection aborted.', RemoteDisconnected('Remote end closed connection without response'))
ERROR:root:异常: ('Connection aborted.', RemoteDisconnected('Remote end closed connection without response'))
ERROR:root:计算失败 603633: ('Connection aborted.', RemoteDisconnected('Remote end closed connection without response'))
ERROR:root:计算失败 300438: ('Connection aborted.', RemoteDisconnected('Remote end closed connection without response'))
ERROR:root:计算失败 301391: ('Connection aborted.', RemoteDisconnected('Remote end closed connection without response'))
ERROR:root:获取主线失败: ('Connection aborted.', RemoteDisconnected('Remote end closed connection without response'))
ERROR:root:异常: ('Connection aborted.', RemoteDisconnected('Remote end closed connection without response'))
ERROR:root:计算失败 603633: ('Connection aborted.', RemoteDisconnected('Remote end closed connection without response'))
ERROR:root:计算失败 300438: ('Connection aborted.', RemoteDisconnected('Remote end closed connection without response'))
ERROR:root:计算失败 301391: ('Connection aborted.', RemoteDisconnected('Remote end closed connection without response'))
ERROR:root:获取主线失败: ('Connection aborted.', RemoteDisconnected('Remote end closed connection without response'))
ERROR:root:异常: ('Connection aborted.', RemoteDisconnected('Remote end closed connection without response'))
ERROR:root:计算失败 603633: ('Connection aborted.', RemoteDisconnected('Remote end closed connection without response'))
ERROR:root:计算失败 300438: ('Connection aborted.', RemoteDisconnected('Remote end closed connection without response'))
ERROR:root:计算失败 301391: ('Connection aborted.', RemoteDisconnected('Remote end closed connection without response'))
ERROR:root:获取主线失败: ('Connection aborted.', RemoteDisconnected('Remote end closed connection without response'))
ERROR:root:异常: ('Connection aborted.', RemoteDisconnected('Remote end closed connection without response'))
ERROR:root:计算失败 603633: ('Connection aborted.', RemoteDisconnected('Remote end closed connection without response'))
ERROR:root:计算失败 300438: ('Connection aborted.', RemoteDisconnected('Remote end closed connection without response'))
ERROR:root:计算失败 301391: ('Connection aborted.', RemoteDisconnected('Remote end closed connection without response'))
ERROR:root:获取主线失败: ('Connection aborted.', RemoteDisconnected('Remote end closed connection without response'))
ERROR:root:异常: ('Connection aborted.', RemoteDisconnected('Remote end closed connection without response'))
ERROR:root:计算失败 603633: ('Connection aborted.', RemoteDisconnected('Remote end closed connection without response'))
ERROR:root:计算失败 300438: ('Connection aborted.', RemoteDisconnected('Remote end closed connection without response'))
ERROR:root:计算失败 301391: ('Connection aborted.', RemoteDisconnected('Remote end closed connection without response'))
ERROR:root:获取主线失败: ('Connection aborted.', RemoteDisconnected('Remote end closed connection without response'))
ERROR:root:异常: ('Connection aborted.', RemoteDisconnected('Remote end closed connection without response'))
ERROR:root:计算失败 603633: ('Connection aborted.', RemoteDisconnected('Remote end closed connection without response'))
ERROR:root:计算失败 300438: ('Connection aborted.', RemoteDisconnected('Remote end closed connection without response'))
ERROR:root:计算失败 301391: ('Connection aborted.', RemoteDisconnected('Remote end closed connection without response'))
ERROR:root:获取主线失败: ('Connection aborted.', RemoteDisconnected('Remote end closed connection without response'))
ERROR:root:异常: ('Connection aborted.', RemoteDisconnected('Remote end closed connection without response'))
ERROR:root:计算失败 603633: ('Connection aborted.', RemoteDisconnected('Remote end closed connection without response'))
ERROR:root:计算失败 300438: ('Connection aborted.', RemoteDisconnected('Remote end closed connection without response'))
ERROR:root:计算失败 301391: ('Connection aborted.', RemoteDisconnected('Remote end closed connection without response'))
ERROR:root:获取主线失败: ('Connection aborted.', RemoteDisconnected('Remote end closed connection without response'))
ERROR:root:异常: ('Connection aborted.', RemoteDisconnected('Remote end closed connection without response'))
ERROR:root:计算失败 603633: ('Connection aborted.', RemoteDisconnected('Remote end closed connection without response'))
ERROR:root:计算失败 300438: ('Connection aborted.', RemoteDisconnected('Remote end closed connection without response'))
ERROR:root:计算失败 301391: ('Connection aborted.', RemoteDisconnected('Remote end closed connection without response'))
ERROR:root:获取主线失败: ('Connection aborted.', RemoteDisconnected('Remote end closed connection without response'))
ERROR:root:异常: ('Connection aborted.', RemoteDisconnected('Remote end closed connection without response'))
ERROR:root:计算失败 603633: ('Connection aborted.', RemoteDisconnected('Remote end closed connection without response'))
ERROR:root:计算失败 300438: ('Connection aborted.', RemoteDisconnected('Remote end closed connection without response'))
ERROR:root:计算失败 301391: ('Connection aborted.', RemoteDisconnected('Remote end closed connection without response'))
ERROR:root:获取主线失败: ('Connection aborted.', RemoteDisconnected('Remote end closed connection without response'))
ERROR:root:异常: ('Connection aborted.', RemoteDisconnected('Remote end closed connection without response'))
ERROR:root:计算失败 603633: ('Connection aborted.', RemoteDisconnected('Remote end closed connection without response'))
ERROR:root:计算失败 300438: ('Connection aborted.', RemoteDisconnected('Remote end closed connection without response'))
ERROR:root:计算失败 301391: ('Connection aborted.', RemoteDisconnected('Remote end closed connection without response'))
ERROR:root:获取主线失败: ('Connection aborted.', RemoteDisconnected('Remote end closed connection without response'))
ERROR:root:异常: ('Connection aborted.', RemoteDisconnected('Remote end closed connection without response'))
ERROR:root:计算失败 603633: ('Connection aborted.', RemoteDisconnected('Remote end closed connection without response'))
ERROR:root:计算失败 300438: ('Connection aborted.', RemoteDisconnected('Remote end closed connection without response'))
ERROR:root:计算失败 301391: ('Connection aborted.', RemoteDisconnected('Remote end closed connection without response'))
ERROR:root:获取主线失败: ('Connection aborted.', RemoteDisconnected('Remote end closed connection without response'))
ERROR:root:异常: ('Connection aborted.', RemoteDisconnected('Remote end closed connection without response'))
