================================================
🔄 妖股基因库每日维护开始
时间: 2026-01-30 15:35:01
================================================

✅ 基因库已存在，执行增量更新
2026-01-30 15:35:03,328 - INFO - ✅ 妖股基因库加载成功: 13 只股票
2026-01-30 15:35:03,328 - INFO - 🔄 开始增量更新妖股基因库...
2026-01-30 15:35:03,568 - INFO - 📊 今日涨停: 48 只
2026-01-30 15:35:03,710 - WARNING - ⚠️  获取 002155 历史数据失败: Length mismatch: Expected axis has 12 elements, new values have 11 elements
2026-01-30 15:35:03,710 - WARNING - ⚠️  002155 数据为空，跳过
2026-01-30 15:35:03,984 - WARNING - ⚠️  获取 600084 历史数据失败: Length mismatch: Expected axis has 12 elements, new values have 11 elements
2026-01-30 15:35:03,984 - WARNING - ⚠️  600084 数据为空，跳过
2026-01-30 15:35:04,279 - WARNING - ⚠️  获取 600395 历史数据失败: Length mismatch: Expected axis has 12 elements, new values have 11 elements
2026-01-30 15:35:04,280 - WARNING - ⚠️  600395 数据为空，跳过
2026-01-30 15:35:04,574 - WARNING - ⚠️  获取 603172 历史数据失败: Length mismatch: Expected axis has 12 elements, new values have 11 elements
2026-01-30 15:35:04,574 - WARNING - ⚠️  603172 数据为空，跳过
2026-01-30 15:35:04,863 - WARNING - ⚠️  获取 688583 历史数据失败: Length mismatch: Expected axis has 12 elements, new values have 11 elements
2026-01-30 15:35:04,863 - WARNING - ⚠️  688583 数据为空，跳过
2026-01-30 15:35:05,153 - WARNING - ⚠️  获取 000995 历史数据失败: Length mismatch: Expected axis has 12 elements, new values have 11 elements
2026-01-30 15:35:05,153 - WARNING - ⚠️  000995 数据为空，跳过
2026-01-30 15:35:05,435 - WARNING - ⚠️  获取 002455 历史数据失败: Length mismatch: Expected axis has 12 elements, new values have 11 elements
2026-01-30 15:35:05,435 - WARNING - ⚠️  002455 数据为空，跳过
2026-01-30 15:35:05,725 - WARNING - ⚠️  获取 603103 历史数据失败: Length mismatch: Expected axis has 12 elements, new values have 11 elements
2026-01-30 15:35:05,725 - WARNING - ⚠️  603103 数据为空，跳过
2026-01-30 15:35:06,029 - WARNING - ⚠️  获取 601133 历史数据失败: Length mismatch: Expected axis has 12 elements, new values have 11 elements
2026-01-30 15:35:06,029 - WARNING - ⚠️  601133 数据为空，跳过
2026-01-30 15:35:06,308 - WARNING - ⚠️  获取 002995 历史数据失败: Length mismatch: Expected axis has 12 elements, new values have 11 elements
2026-01-30 15:35:06,308 - WARNING - ⚠️  002995 数据为空，跳过
2026-01-30 15:35:06,596 - WARNING - ⚠️  获取 603598 历史数据失败: Length mismatch: Expected axis has 12 elements, new values have 11 elements
2026-01-30 15:35:06,596 - WARNING - ⚠️  603598 数据为空，跳过
2026-01-30 15:35:06,904 - WARNING - ⚠️  获取 600313 历史数据失败: Length mismatch: Expected axis has 12 elements, new values have 11 elements
2026-01-30 15:35:06,904 - WARNING - ⚠️  600313 数据为空，跳过
2026-01-30 15:35:07,281 - WARNING - ⚠️  获取 603887 历史数据失败: Length mismatch: Expected axis has 12 elements, new values have 11 elements
2026-01-30 15:35:07,281 - WARNING - ⚠️  603887 数据为空，跳过
2026-01-30 15:35:07,667 - WARNING - ⚠️  获取 600354 历史数据失败: Length mismatch: Expected axis has 12 elements, new values have 11 elements
2026-01-30 15:35:07,667 - WARNING - ⚠️  600354 数据为空，跳过
2026-01-30 15:35:07,971 - WARNING - ⚠️  获取 600828 历史数据失败: Length mismatch: Expected axis has 12 elements, new values have 11 elements
2026-01-30 15:35:07,971 - WARNING - ⚠️  600828 数据为空，跳过
2026-01-30 15:35:08,342 - WARNING - ⚠️  获取 600667 历史数据失败: Length mismatch: Expected axis has 12 elements, new values have 11 elements
2026-01-30 15:35:08,342 - WARNING - ⚠️  600667 数据为空，跳过
2026-01-30 15:35:08,672 - WARNING - ⚠️  获取 002041 历史数据失败: Length mismatch: Expected axis has 12 elements, new values have 11 elements
2026-01-30 15:35:08,672 - WARNING - ⚠️  002041 数据为空，跳过
2026-01-30 15:35:08,951 - WARNING - ⚠️  600371 网络错误，2秒后重试 (1/3): ConnectionError
2026-01-30 15:35:11,111 - WARNING - ⚠️  600371 网络错误，4秒后重试 (2/3): ConnectionError
2026-01-30 15:35:15,288 - WARNING - ⚠️  600371 重试3次后仍失败，跳过
2026-01-30 15:35:15,288 - WARNING - ⚠️  600371 数据为空，跳过
2026-01-30 15:35:15,556 - WARNING - ⚠️  300805 网络错误，2秒后重试 (1/3): ConnectionError
2026-01-30 15:35:17,757 - WARNING - ⚠️  300805 网络错误，4秒后重试 (2/3): ConnectionError
2026-01-30 15:35:21,986 - WARNING - ⚠️  300805 重试3次后仍失败，跳过
2026-01-30 15:35:21,986 - WARNING - ⚠️  300805 数据为空，跳过
2026-01-30 15:35:22,266 - WARNING - ⚠️  603059 网络错误，2秒后重试 (1/3): ConnectionError
2026-01-30 15:35:24,421 - WARNING - ⚠️  603059 网络错误，4秒后重试 (2/3): ConnectionError
2026-01-30 15:35:28,598 - WARNING - ⚠️  603059 重试3次后仍失败，跳过
2026-01-30 15:35:28,599 - WARNING - ⚠️  603059 数据为空，跳过
2026-01-30 15:35:28,873 - WARNING - ⚠️  000798 网络错误，2秒后重试 (1/3): ConnectionError
2026-01-30 15:35:31,044 - WARNING - ⚠️  000798 网络错误，4秒后重试 (2/3): ConnectionError
2026-01-30 15:35:35,222 - WARNING - ⚠️  000798 重试3次后仍失败，跳过
2026-01-30 15:35:35,223 - WARNING - ⚠️  000798 数据为空，跳过
2026-01-30 15:35:35,485 - WARNING - ⚠️  600345 网络错误，2秒后重试 (1/3): ConnectionError
2026-01-30 15:35:37,654 - WARNING - ⚠️  600345 网络错误，4秒后重试 (2/3): ConnectionError
2026-01-30 15:35:41,883 - WARNING - ⚠️  600345 重试3次后仍失败，跳过
2026-01-30 15:35:41,883 - WARNING - ⚠️  600345 数据为空，跳过
2026-01-30 15:35:42,226 - WARNING - ⚠️  002491 网络错误，2秒后重试 (1/3): ConnectionError
2026-01-30 15:35:44,398 - WARNING - ⚠️  002491 网络错误，4秒后重试 (2/3): ConnectionError
2026-01-30 15:35:48,580 - WARNING - ⚠️  002491 重试3次后仍失败，跳过
2026-01-30 15:35:48,580 - WARNING - ⚠️  002491 数据为空，跳过
2026-01-30 15:35:48,851 - WARNING - ⚠️  603861 网络错误，2秒后重试 (1/3): ConnectionError
2026-01-30 15:35:51,034 - WARNING - ⚠️  603861 网络错误，4秒后重试 (2/3): ConnectionError
2026-01-30 15:35:55,193 - WARNING - ⚠️  603861 重试3次后仍失败，跳过
2026-01-30 15:35:55,193 - WARNING - ⚠️  603861 数据为空，跳过
2026-01-30 15:35:55,454 - WARNING - ⚠️  601869 网络错误，2秒后重试 (1/3): ConnectionError
2026-01-30 15:35:57,629 - WARNING - ⚠️  601869 网络错误，4秒后重试 (2/3): ConnectionError
2026-01-30 15:36:01,826 - WARNING - ⚠️  601869 重试3次后仍失败，跳过
2026-01-30 15:36:01,826 - WARNING - ⚠️  601869 数据为空，跳过
2026-01-30 15:36:02,126 - WARNING - ⚠️  002830 网络错误，2秒后重试 (1/3): ConnectionError
2026-01-30 15:36:04,313 - WARNING - ⚠️  002830 网络错误，4秒后重试 (2/3): ConnectionError
2026-01-30 15:36:08,470 - WARNING - ⚠️  002830 重试3次后仍失败，跳过
2026-01-30 15:36:08,470 - WARNING - ⚠️  002830 数据为空，跳过
2026-01-30 15:36:08,749 - WARNING - ⚠️  301486 网络错误，2秒后重试 (1/3): ConnectionError
2026-01-30 15:36:10,931 - WARNING - ⚠️  301486 网络错误，4秒后重试 (2/3): ConnectionError
2026-01-30 15:36:15,105 - WARNING - ⚠️  301486 重试3次后仍失败，跳过
2026-01-30 15:36:15,106 - WARNING - ⚠️  301486 数据为空，跳过
2026-01-30 15:36:15,380 - WARNING - ⚠️  603629 网络错误，2秒后重试 (1/3): ConnectionError
2026-01-30 15:36:17,548 - WARNING - ⚠️  603629 网络错误，4秒后重试 (2/3): ConnectionError
2026-01-30 15:36:21,793 - WARNING - ⚠️  603629 重试3次后仍失败，跳过
2026-01-30 15:36:21,794 - WARNING - ⚠️  603629 数据为空，跳过
2026-01-30 15:36:22,137 - WARNING - ⚠️  605151 网络错误，2秒后重试 (1/3): ConnectionError
2026-01-30 15:36:24,357 - WARNING - ⚠️  605151 网络错误，4秒后重试 (2/3): ConnectionError
2026-01-30 15:36:28,605 - WARNING - ⚠️  605151 重试3次后仍失败，跳过
2026-01-30 15:36:28,605 - WARNING - ⚠️  605151 数据为空，跳过
2026-01-30 15:36:28,953 - WARNING - ⚠️  605003 网络错误，2秒后重试 (1/3): ConnectionError
2026-01-30 15:36:31,222 - WARNING - ⚠️  605003 网络错误，4秒后重试 (2/3): ConnectionError
2026-01-30 15:36:35,456 - WARNING - ⚠️  605003 重试3次后仍失败，跳过
2026-01-30 15:36:35,457 - WARNING - ⚠️  605003 数据为空，跳过
2026-01-30 15:36:36,062 - WARNING - ⚠️  688025 网络错误，2秒后重试 (1/3): ConnectionError
2026-01-30 15:36:38,338 - WARNING - ⚠️  688025 网络错误，4秒后重试 (2/3): ConnectionError
2026-01-30 15:36:42,574 - WARNING - ⚠️  688025 重试3次后仍失败，跳过
2026-01-30 15:36:42,574 - WARNING - ⚠️  688025 数据为空，跳过
2026-01-30 15:36:42,889 - WARNING - ⚠️  601208 网络错误，2秒后重试 (1/3): ConnectionError
2026-01-30 15:36:45,139 - WARNING - ⚠️  601208 网络错误，4秒后重试 (2/3): ConnectionError
2026-01-30 15:36:49,392 - WARNING - ⚠️  601208 重试3次后仍失败，跳过
2026-01-30 15:36:49,392 - WARNING - ⚠️  601208 数据为空，跳过
2026-01-30 15:36:49,721 - WARNING - ⚠️  601231 网络错误，2秒后重试 (1/3): ConnectionError
2026-01-30 15:36:51,981 - WARNING - ⚠️  601231 网络错误，4秒后重试 (2/3): ConnectionError
2026-01-30 15:36:56,229 - WARNING - ⚠️  601231 重试3次后仍失败，跳过
2026-01-30 15:36:56,229 - WARNING - ⚠️  601231 数据为空，跳过
2026-01-30 15:36:56,570 - WARNING - ⚠️  002009 网络错误，2秒后重试 (1/3): ConnectionError
2026-01-30 15:36:58,810 - WARNING - ⚠️  002009 网络错误，4秒后重试 (2/3): ConnectionError
2026-01-30 15:37:03,044 - WARNING - ⚠️  002009 重试3次后仍失败，跳过
2026-01-30 15:37:03,045 - WARNING - ⚠️  002009 数据为空，跳过
2026-01-30 15:37:03,379 - WARNING - ⚠️  600330 网络错误，2秒后重试 (1/3): ConnectionError
2026-01-30 15:37:05,642 - WARNING - ⚠️  600330 网络错误，4秒后重试 (2/3): ConnectionError
2026-01-30 15:37:09,874 - WARNING - ⚠️  600330 重试3次后仍失败，跳过
2026-01-30 15:37:09,874 - WARNING - ⚠️  600330 数据为空，跳过
2026-01-30 15:37:10,223 - WARNING - ⚠️  603331 网络错误，2秒后重试 (1/3): ConnectionError
2026-01-30 15:37:12,470 - WARNING - ⚠️  603331 网络错误，4秒后重试 (2/3): ConnectionError
2026-01-30 15:37:16,709 - WARNING - ⚠️  603331 重试3次后仍失败，跳过
2026-01-30 15:37:16,709 - WARNING - ⚠️  603331 数据为空，跳过
2026-01-30 15:37:17,044 - WARNING - ⚠️  300731 网络错误，2秒后重试 (1/3): ConnectionError
2026-01-30 15:37:19,276 - WARNING - ⚠️  300731 网络错误，4秒后重试 (2/3): ConnectionError
2026-01-30 15:37:23,527 - WARNING - ⚠️  300731 重试3次后仍失败，跳过
2026-01-30 15:37:23,527 - WARNING - ⚠️  300731 数据为空，跳过
2026-01-30 15:37:23,876 - WARNING - ⚠️  603618 网络错误，2秒后重试 (1/3): ConnectionError
2026-01-30 15:37:26,100 - WARNING - ⚠️  603618 网络错误，4秒后重试 (2/3): ConnectionError
2026-01-30 15:37:30,356 - WARNING - ⚠️  603618 重试3次后仍失败，跳过
2026-01-30 15:37:30,356 - WARNING - ⚠️  603618 数据为空，跳过
2026-01-30 15:37:30,710 - WARNING - ⚠️  603863 网络错误，2秒后重试 (1/3): ConnectionError
2026-01-30 15:37:32,946 - WARNING - ⚠️  603863 网络错误，4秒后重试 (2/3): ConnectionError
2026-01-30 15:37:37,354 - WARNING - ⚠️  603863 重试3次后仍失败，跳过
2026-01-30 15:37:37,356 - WARNING - ⚠️  603863 数据为空，跳过
2026-01-30 15:37:37,628 - WARNING - ⚠️  002952 网络错误，2秒后重试 (1/3): ConnectionError
2026-01-30 15:37:39,784 - WARNING - ⚠️  002952 网络错误，4秒后重试 (2/3): ConnectionError
2026-01-30 15:37:43,956 - WARNING - ⚠️  002952 重试3次后仍失败，跳过
2026-01-30 15:37:43,957 - WARNING - ⚠️  002952 数据为空，跳过
2026-01-30 15:37:44,241 - WARNING - ⚠️  600487 网络错误，2秒后重试 (1/3): ConnectionError
2026-01-30 15:37:46,414 - WARNING - ⚠️  600487 网络错误，4秒后重试 (2/3): ConnectionError
2026-01-30 15:37:50,634 - WARNING - ⚠️  600487 重试3次后仍失败，跳过
2026-01-30 15:37:50,635 - WARNING - ⚠️  600487 数据为空，跳过
2026-01-30 15:37:50,972 - WARNING - ⚠️  688280 网络错误，2秒后重试 (1/3): ConnectionError
2026-01-30 15:37:53,137 - WARNING - ⚠️  688280 网络错误，4秒后重试 (2/3): ConnectionError
2026-01-30 15:37:57,338 - WARNING - ⚠️  688280 重试3次后仍失败，跳过
2026-01-30 15:37:57,338 - WARNING - ⚠️  688280 数据为空，跳过
2026-01-30 15:37:57,592 - WARNING - ⚠️  605289 网络错误，2秒后重试 (1/3): ConnectionError
2026-01-30 15:37:59,772 - WARNING - ⚠️  605289 网络错误，4秒后重试 (2/3): ConnectionError
2026-01-30 15:38:03,937 - WARNING - ⚠️  605289 重试3次后仍失败，跳过
2026-01-30 15:38:03,937 - WARNING - ⚠️  605289 数据为空，跳过
2026-01-30 15:38:04,201 - WARNING - ⚠️  603391 网络错误，2秒后重试 (1/3): ConnectionError
2026-01-30 15:38:06,356 - WARNING - ⚠️  603391 网络错误，4秒后重试 (2/3): ConnectionError
2026-01-30 15:38:10,528 - WARNING - ⚠️  603391 重试3次后仍失败，跳过
2026-01-30 15:38:10,528 - WARNING - ⚠️  603391 数据为空，跳过
2026-01-30 15:38:10,900 - WARNING - ⚠️  002562 网络错误，2秒后重试 (1/3): ConnectionError
2026-01-30 15:38:13,066 - WARNING - ⚠️  002562 网络错误，4秒后重试 (2/3): ConnectionError
2026-01-30 15:38:17,372 - WARNING - ⚠️  002562 重试3次后仍失败，跳过
2026-01-30 15:38:17,372 - WARNING - ⚠️  002562 数据为空，跳过
2026-01-30 15:38:17,637 - WARNING - ⚠️  002137 网络错误，2秒后重试 (1/3): ConnectionError
2026-01-30 15:38:19,831 - WARNING - ⚠️  002137 网络错误，4秒后重试 (2/3): ConnectionError
2026-01-30 15:38:24,011 - WARNING - ⚠️  002137 重试3次后仍失败，跳过
2026-01-30 15:38:24,012 - WARNING - ⚠️  002137 数据为空，跳过
2026-01-30 15:38:24,282 - WARNING - ⚠️  002165 网络错误，2秒后重试 (1/3): ConnectionError
2026-01-30 15:38:26,440 - WARNING - ⚠️  002165 网络错误，4秒后重试 (2/3): ConnectionError
2026-01-30 15:38:30,600 - WARNING - ⚠️  002165 重试3次后仍失败，跳过
2026-01-30 15:38:30,600 - WARNING - ⚠️  002165 数据为空，跳过
2026-01-30 15:38:30,865 - WARNING - ⚠️  603010 网络错误，2秒后重试 (1/3): ConnectionError
2026-01-30 15:38:33,055 - WARNING - ⚠️  603010 网络错误，4秒后重试 (2/3): ConnectionError
2026-01-30 15:38:37,230 - WARNING - ⚠️  603010 重试3次后仍失败，跳过
2026-01-30 15:38:37,230 - WARNING - ⚠️  603010 数据为空，跳过
2026-01-30 15:38:37,401 - INFO - 🔥 更新高分妖股: 12 只
2026-01-30 15:38:37,489 - WARNING - ⚠️  300750 网络错误，2秒后重试 (1/3): ConnectionError
2026-01-30 15:38:39,657 - WARNING - ⚠️  300750 网络错误，4秒后重试 (2/3): ConnectionError
2026-01-30 15:38:43,839 - WARNING - ⚠️  300750 重试3次后仍失败，跳过
2026-01-30 15:38:43,839 - WARNING - ⚠️  300750 数据为空，跳过
2026-01-30 15:38:44,120 - WARNING - ⚠️  002594 网络错误，2秒后重试 (1/3): ConnectionError
2026-01-30 15:38:46,290 - WARNING - ⚠️  002594 网络错误，4秒后重试 (2/3): ConnectionError
2026-01-30 15:38:50,467 - WARNING - ⚠️  002594 重试3次后仍失败，跳过
2026-01-30 15:38:50,467 - WARNING - ⚠️  002594 数据为空，跳过
2026-01-30 15:38:50,757 - WARNING - ⚠️  603501 网络错误，2秒后重试 (1/3): ConnectionError
2026-01-30 15:38:52,930 - WARNING - ⚠️  603501 网络错误，4秒后重试 (2/3): ConnectionError
2026-01-30 15:38:57,108 - WARNING - ⚠️  603501 重试3次后仍失败，跳过
2026-01-30 15:38:57,108 - WARNING - ⚠️  603501 数据为空，跳过
2026-01-30 15:38:57,385 - WARNING - ⚠️  600519 网络错误，2秒后重试 (1/3): ConnectionError
2026-01-30 15:38:59,533 - WARNING - ⚠️  600519 网络错误，4秒后重试 (2/3): ConnectionError
2026-01-30 15:39:03,701 - WARNING - ⚠️  600519 重试3次后仍失败，跳过
2026-01-30 15:39:03,701 - WARNING - ⚠️  600519 数据为空，跳过
2026-01-30 15:39:03,965 - WARNING - ⚠️  000858 网络错误，2秒后重试 (1/3): ConnectionError
2026-01-30 15:39:06,133 - WARNING - ⚠️  000858 网络错误，4秒后重试 (2/3): ConnectionError
2026-01-30 15:39:10,330 - WARNING - ⚠️  000858 重试3次后仍失败，跳过
2026-01-30 15:39:10,331 - WARNING - ⚠️  000858 数据为空，跳过
2026-01-30 15:39:10,621 - WARNING - ⚠️  601318 网络错误，2秒后重试 (1/3): ConnectionError
2026-01-30 15:39:12,793 - WARNING - ⚠️  601318 网络错误，4秒后重试 (2/3): ConnectionError
2026-01-30 15:39:16,964 - WARNING - ⚠️  601318 重试3次后仍失败，跳过
2026-01-30 15:39:16,964 - WARNING - ⚠️  601318 数据为空，跳过
2026-01-30 15:39:17,230 - WARNING - ⚠️  600036 网络错误，2秒后重试 (1/3): ConnectionError
2026-01-30 15:39:19,394 - WARNING - ⚠️  600036 网络错误，4秒后重试 (2/3): ConnectionError
2026-01-30 15:39:23,561 - WARNING - ⚠️  600036 重试3次后仍失败，跳过
2026-01-30 15:39:23,561 - WARNING - ⚠️  600036 数据为空，跳过
2026-01-30 15:39:23,828 - WARNING - ⚠️  600276 网络错误，2秒后重试 (1/3): ConnectionError
2026-01-30 15:39:25,997 - WARNING - ⚠️  600276 网络错误，4秒后重试 (2/3): ConnectionError
2026-01-30 15:39:30,179 - WARNING - ⚠️  600276 重试3次后仍失败，跳过
2026-01-30 15:39:30,181 - WARNING - ⚠️  600276 数据为空，跳过
2026-01-30 15:39:30,435 - WARNING - ⚠️  000001 网络错误，2秒后重试 (1/3): ConnectionError
2026-01-30 15:39:32,662 - WARNING - ⚠️  000001 网络错误，4秒后重试 (2/3): ConnectionError
2026-01-30 15:39:36,831 - WARNING - ⚠️  000001 重试3次后仍失败，跳过
2026-01-30 15:39:36,831 - WARNING - ⚠️  000001 数据为空，跳过
2026-01-30 15:39:37,092 - WARNING - ⚠️  603633 网络错误，2秒后重试 (1/3): ConnectionError
2026-01-30 15:39:39,262 - WARNING - ⚠️  603633 网络错误，4秒后重试 (2/3): ConnectionError
2026-01-30 15:39:43,433 - WARNING - ⚠️  603633 重试3次后仍失败，跳过
2026-01-30 15:39:43,434 - WARNING - ⚠️  603633 数据为空，跳过
2026-01-30 15:39:43,701 - WARNING - ⚠️  300438 网络错误，2秒后重试 (1/3): ConnectionError
2026-01-30 15:39:45,944 - WARNING - ⚠️  300438 网络错误，4秒后重试 (2/3): ConnectionError
2026-01-30 15:39:50,127 - WARNING - ⚠️  300438 重试3次后仍失败，跳过
2026-01-30 15:39:50,127 - WARNING - ⚠️  300438 数据为空，跳过
2026-01-30 15:39:50,385 - WARNING - ⚠️  301391 网络错误，2秒后重试 (1/3): ConnectionError
2026-01-30 15:39:52,644 - WARNING - ⚠️  301391 网络错误，4秒后重试 (2/3): ConnectionError
2026-01-30 15:39:56,859 - WARNING - ⚠️  301391 重试3次后仍失败，跳过
2026-01-30 15:39:56,860 - WARNING - ⚠️  301391 数据为空，跳过
2026-01-30 15:39:57,036 - INFO - 💾 基因库保存成功: 13 只股票
2026-01-30 15:39:57,036 - INFO - ✅ 增量更新完成!
2026-01-30 15:39:57,036 - INFO - ?? 更新: 0 只
2026-01-30 15:39:57,037 - INFO - ⏱️  耗时: 4.9 分钟

✅ 维护完成
2026-01-30 15:39:59,408 - INFO - ✅ 妖股基因库加载成功: 13 只股票
📊 基因库统计:
   总数: 13只
   超级妖股(≥80分): 3只
   强妖股(60-79分): 9只

================================================
维护结束时间: 2026-01-30 15:39:59
================================================
