================================================
🔄 妖股基因库每日维护开始
时间: 2026-01-29 15:35:00
================================================

✅ 基因库已存在，执行增量更新
2026-01-29 15:35:03,462 - INFO - ✅ 妖股基因库加载成功: 10 只股票
2026-01-29 15:35:03,462 - INFO - 🔄 开始增量更新妖股基因库...
2026-01-29 15:35:03,673 - INFO - 📊 今日涨停: 82 只
2026-01-29 15:35:03,866 - WARNING - ⚠️  获取 000506 历史数据失败: Length mismatch: Expected axis has 12 elements, new values have 11 elements
2026-01-29 15:35:03,867 - WARNING - ⚠️  000506 数据为空，跳过
2026-01-29 15:35:04,217 - WARNING - ⚠️  获取 002155 历史数据失败: Length mismatch: Expected axis has 12 elements, new values have 11 elements
2026-01-29 15:35:04,217 - WARNING - ⚠️  002155 数据为空，跳过
2026-01-29 15:35:04,566 - WARNING - ⚠️  获取 600871 历史数据失败: Length mismatch: Expected axis has 12 elements, new values have 11 elements
2026-01-29 15:35:04,566 - WARNING - ⚠️  600871 数据为空，跳过
2026-01-29 15:35:04,958 - WARNING - ⚠️  获取 600916 历史数据失败: Length mismatch: Expected axis has 12 elements, new values have 11 elements
2026-01-29 15:35:04,958 - WARNING - ⚠️  600916 数据为空，跳过
2026-01-29 15:35:05,427 - WARNING - ⚠️  获取 601069 历史数据失败: Length mismatch: Expected axis has 12 elements, new values have 11 elements
2026-01-29 15:35:05,427 - WARNING - ⚠️  601069 数据为空，跳过
2026-01-29 15:35:05,813 - WARNING - ⚠️  获取 600084 历史数据失败: Length mismatch: Expected axis has 12 elements, new values have 11 elements
2026-01-29 15:35:05,813 - WARNING - ⚠️  600084 数据为空，跳过
2026-01-29 15:35:06,170 - WARNING - ⚠️  获取 601388 历史数据失败: Length mismatch: Expected axis has 12 elements, new values have 11 elements
2026-01-29 15:35:06,170 - WARNING - ⚠️  601388 数据为空，跳过
2026-01-29 15:35:06,566 - WARNING - ⚠️  获取 600499 历史数据失败: Length mismatch: Expected axis has 12 elements, new values have 11 elements
2026-01-29 15:35:06,567 - WARNING - ⚠️  600499 数据为空，跳过
2026-01-29 15:35:06,923 - WARNING - ⚠️  获取 000813 历史数据失败: Length mismatch: Expected axis has 12 elements, new values have 11 elements
2026-01-29 15:35:06,923 - WARNING - ⚠️  000813 数据为空，跳过
2026-01-29 15:35:07,313 - WARNING - ⚠️  获取 002455 历史数据失败: Length mismatch: Expected axis has 12 elements, new values have 11 elements
2026-01-29 15:35:07,313 - WARNING - ⚠️  002455 数据为空，跳过
2026-01-29 15:35:07,684 - WARNING - ⚠️  获取 001376 历史数据失败: Length mismatch: Expected axis has 12 elements, new values have 11 elements
2026-01-29 15:35:07,684 - WARNING - ⚠️  001376 数据为空，跳过
2026-01-29 15:35:08,019 - WARNING - ⚠️  获取 002970 历史数据失败: Length mismatch: Expected axis has 12 elements, new values have 11 elements
2026-01-29 15:35:08,020 - WARNING - ⚠️  002970 数据为空，跳过
2026-01-29 15:35:08,382 - WARNING - ⚠️  获取 603958 历史数据失败: Length mismatch: Expected axis has 12 elements, new values have 11 elements
2026-01-29 15:35:08,382 - WARNING - ⚠️  603958 数据为空，跳过
2026-01-29 15:35:08,731 - WARNING - ⚠️  002995 网络错误，2秒后重试 (1/3): ConnectionError
2026-01-29 15:35:10,983 - WARNING - ⚠️  002995 网络错误，4秒后重试 (2/3): ConnectionError
2026-01-29 15:35:15,222 - WARNING - ⚠️  002995 重试3次后仍失败，跳过
2026-01-29 15:35:15,222 - WARNING - ⚠️  002995 数据为空，跳过
2026-01-29 15:35:15,544 - WARNING - ⚠️  601212 网络错误，2秒后重试 (1/3): ConnectionError
2026-01-29 15:35:17,787 - WARNING - ⚠️  601212 网络错误，4秒后重试 (2/3): ConnectionError
2026-01-29 15:35:22,021 - WARNING - ⚠️  601212 重试3次后仍失败，跳过
2026-01-29 15:35:22,021 - WARNING - ⚠️  601212 数据为空，跳过
2026-01-29 15:35:22,694 - WARNING - ⚠️  603876 网络错误，2秒后重试 (1/3): ConnectionError
2026-01-29 15:35:25,148 - WARNING - ⚠️  603876 网络错误，4秒后重试 (2/3): ConnectionError
2026-01-29 15:35:29,397 - WARNING - ⚠️  603876 重试3次后仍失败，跳过
2026-01-29 15:35:29,397 - WARNING - ⚠️  603876 数据为空，跳过
2026-01-29 15:35:29,727 - WARNING - ⚠️  001316 网络错误，2秒后重试 (1/3): ConnectionError
2026-01-29 15:35:31,950 - WARNING - ⚠️  001316 网络错误，4秒后重试 (2/3): ConnectionError
2026-01-29 15:35:36,174 - WARNING - ⚠️  001316 重试3次后仍失败，跳过
2026-01-29 15:35:36,174 - WARNING - ⚠️  001316 数据为空，跳过
2026-01-29 15:35:36,508 - WARNING - ⚠️  600531 网络错误，2秒后重试 (1/3): ConnectionError
2026-01-29 15:35:38,764 - WARNING - ⚠️  600531 网络错误，4秒后重试 (2/3): ConnectionError
2026-01-29 15:35:43,005 - WARNING - ⚠️  600531 重试3次后仍失败，跳过
2026-01-29 15:35:43,005 - WARNING - ⚠️  600531 数据为空，跳过
2026-01-29 15:35:43,336 - WARNING - ⚠️  000607 网络错误，2秒后重试 (1/3): ConnectionError
2026-01-29 15:35:45,546 - WARNING - ⚠️  000607 网络错误，4秒后重试 (2/3): ConnectionError
2026-01-29 15:35:49,858 - WARNING - ⚠️  000607 重试3次后仍失败，跳过
2026-01-29 15:35:49,858 - WARNING - ⚠️  000607 数据为空，跳过
2026-01-29 15:35:50,232 - WARNING - ⚠️  300781 网络错误，2秒后重试 (1/3): ConnectionError
2026-01-29 15:35:52,454 - WARNING - ⚠️  300781 网络错误，4秒后重试 (2/3): ConnectionError
2026-01-29 15:35:56,748 - WARNING - ⚠️  300781 重试3次后仍失败，跳过
2026-01-29 15:35:56,748 - WARNING - ⚠️  300781 数据为空，跳过
2026-01-29 15:35:57,080 - WARNING - ⚠️  600986 网络错误，2秒后重试 (1/3): ConnectionError
2026-01-29 15:35:59,279 - WARNING - ⚠️  600986 网络错误，4秒后重试 (2/3): ConnectionError
2026-01-29 15:36:03,518 - WARNING - ⚠️  600986 重试3次后仍失败，跳过
2026-01-29 15:36:03,518 - WARNING - ⚠️  600986 数据为空，跳过
2026-01-29 15:36:03,844 - WARNING - ⚠️  000031 网络错误，2秒后重试 (1/3): ConnectionError
2026-01-29 15:36:06,082 - WARNING - ⚠️  000031 网络错误，4秒后重试 (2/3): ConnectionError
2026-01-29 15:36:10,305 - WARNING - ⚠️  000031 重试3次后仍失败，跳过
2026-01-29 15:36:10,305 - WARNING - ⚠️  000031 数据为空，跳过
2026-01-29 15:36:10,633 - WARNING - ⚠️  600959 网络错误，2秒后重试 (1/3): ConnectionError
2026-01-29 15:36:12,865 - WARNING - ⚠️  600959 网络错误，4秒后重试 (2/3): ConnectionError
2026-01-29 15:36:17,079 - WARNING - ⚠️  600959 重试3次后仍失败，跳过
2026-01-29 15:36:17,079 - WARNING - ⚠️  600959 数据为空，跳过
2026-01-29 15:36:17,416 - WARNING - ⚠️  000863 网络错误，2秒后重试 (1/3): ConnectionError
2026-01-29 15:36:19,644 - WARNING - ⚠️  000863 网络错误，4秒后重试 (2/3): ConnectionError
2026-01-29 15:36:23,866 - WARNING - ⚠️  000863 重试3次后仍失败，跳过
2026-01-29 15:36:23,866 - WARNING - ⚠️  000863 数据为空，跳过
2026-01-29 15:36:24,185 - WARNING - ⚠️  300975 网络错误，2秒后重试 (1/3): ConnectionError
2026-01-29 15:36:26,385 - WARNING - ⚠️  300975 网络错误，4秒后重试 (2/3): ConnectionError
2026-01-29 15:36:30,586 - WARNING - ⚠️  300975 重试3次后仍失败，跳过
2026-01-29 15:36:30,586 - WARNING - ⚠️  300975 数据为空，跳过
2026-01-29 15:36:30,897 - WARNING - ⚠️  600215 网络错误，2秒后重试 (1/3): ConnectionError
2026-01-29 15:36:33,120 - WARNING - ⚠️  600215 网络错误，4秒后重试 (2/3): ConnectionError
2026-01-29 15:36:37,316 - WARNING - ⚠️  600215 重试3次后仍失败，跳过
2026-01-29 15:36:37,316 - WARNING - ⚠️  600215 数据为空，跳过
2026-01-29 15:36:37,641 - WARNING - ⚠️  000029 网络错误，2秒后重试 (1/3): ConnectionError
2026-01-29 15:36:39,852 - WARNING - ⚠️  000029 网络错误，4秒后重试 (2/3): ConnectionError
2026-01-29 15:36:44,156 - WARNING - ⚠️  000029 重试3次后仍失败，跳过
2026-01-29 15:36:44,156 - WARNING - ⚠️  000029 数据为空，跳过
2026-01-29 15:36:44,497 - WARNING - ⚠️  603001 网络错误，2秒后重试 (1/3): ConnectionError
2026-01-29 15:36:46,713 - WARNING - ⚠️  603001 网络错误，4秒后重试 (2/3): ConnectionError
2026-01-29 15:36:50,957 - WARNING - ⚠️  603001 重试3次后仍失败，跳过
2026-01-29 15:36:50,958 - WARNING - ⚠️  603001 数据为空，跳过
2026-01-29 15:36:51,267 - WARNING - ⚠️  603103 网络错误，2秒后重试 (1/3): ConnectionError
2026-01-29 15:36:53,617 - WARNING - ⚠️  603103 网络错误，4秒后重试 (2/3): ConnectionError
2026-01-29 15:36:57,946 - WARNING - ⚠️  603103 重试3次后仍失败，跳过
2026-01-29 15:36:57,947 - WARNING - ⚠️  603103 数据为空，跳过
2026-01-29 15:36:58,366 - WARNING - ⚠️  603172 网络错误，2秒后重试 (1/3): ConnectionError
2026-01-29 15:37:00,709 - WARNING - ⚠️  603172 网络错误，4秒后重试 (2/3): ConnectionError
2026-01-29 15:37:05,047 - WARNING - ⚠️  603172 重试3次后仍失败，跳过
2026-01-29 15:37:05,047 - WARNING - ⚠️  603172 数据为空，跳过
2026-01-29 15:37:05,488 - WARNING - ⚠️  002181 网络错误，2秒后重试 (1/3): ConnectionError
2026-01-29 15:37:07,816 - WARNING - ⚠️  002181 网络错误，4秒后重试 (2/3): ConnectionError
2026-01-29 15:37:12,159 - WARNING - ⚠️  002181 重试3次后仍失败，跳过
2026-01-29 15:37:12,159 - WARNING - ⚠️  002181 数据为空，跳过
2026-01-29 15:37:12,598 - WARNING - ⚠️  600684 网络错误，2秒后重试 (1/3): ConnectionError
2026-01-29 15:37:14,943 - WARNING - ⚠️  600684 网络错误，4秒后重试 (2/3): ConnectionError
2026-01-29 15:37:19,282 - WARNING - ⚠️  600684 重试3次后仍失败，跳过
2026-01-29 15:37:19,282 - WARNING - ⚠️  600684 数据为空，跳过
2026-01-29 15:37:19,785 - WARNING - ⚠️  605080 网络错误，2秒后重试 (1/3): ConnectionError
2026-01-29 15:37:22,116 - WARNING - ⚠️  605080 网络错误，4秒后重试 (2/3): ConnectionError
2026-01-29 15:37:26,448 - WARNING - ⚠️  605080 重试3次后仍失败，跳过
2026-01-29 15:37:26,449 - WARNING - ⚠️  605080 数据为空，跳过
2026-01-29 15:37:26,888 - WARNING - ⚠️  000560 网络错误，2秒后重试 (1/3): ConnectionError
2026-01-29 15:37:29,229 - WARNING - ⚠️  000560 网络错误，4秒后重试 (2/3): ConnectionError
2026-01-29 15:37:33,571 - WARNING - ⚠️  000560 重试3次后仍失败，跳过
2026-01-29 15:37:33,571 - WARNING - ⚠️  000560 数据为空，跳过
2026-01-29 15:37:34,003 - WARNING - ⚠️  002948 网络错误，2秒后重试 (1/3): ConnectionError
2026-01-29 15:37:36,350 - WARNING - ⚠️  002948 网络错误，4秒后重试 (2/3): ConnectionError
2026-01-29 15:37:40,694 - WARNING - ⚠️  002948 重试3次后仍失败，跳过
2026-01-29 15:37:40,694 - WARNING - ⚠️  002948 数据为空，跳过
2026-01-29 15:37:41,135 - WARNING - ⚠️  605099 网络错误，2秒后重试 (1/3): ConnectionError
2026-01-29 15:37:43,474 - WARNING - ⚠️  605099 网络错误，4秒后重试 (2/3): ConnectionError
2026-01-29 15:37:47,812 - WARNING - ⚠️  605099 重试3次后仍失败，跳过
2026-01-29 15:37:47,813 - WARNING - ⚠️  605099 数据为空，跳过
2026-01-29 15:37:48,243 - WARNING - ⚠️  601118 网络错误，2秒后重试 (1/3): ConnectionError
2026-01-29 15:37:50,585 - WARNING - ⚠️  601118 网络错误，4秒后重试 (2/3): ConnectionError
2026-01-29 15:37:54,922 - WARNING - ⚠️  601118 重试3次后仍失败，跳过
2026-01-29 15:37:54,923 - WARNING - ⚠️  601118 数据为空，跳过
2026-01-29 15:37:55,358 - WARNING - ⚠️  601155 网络错误，2秒后重试 (1/3): ConnectionError
2026-01-29 15:37:57,682 - WARNING - ⚠️  601155 网络错误，4秒后重试 (2/3): ConnectionError
2026-01-29 15:38:02,017 - WARNING - ⚠️  601155 重试3次后仍失败，跳过
2026-01-29 15:38:02,017 - WARNING - ⚠️  601155 数据为空，跳过
2026-01-29 15:38:02,456 - WARNING - ⚠️  000901 网络错误，2秒后重试 (1/3): ConnectionError
2026-01-29 15:38:04,790 - WARNING - ⚠️  000901 网络错误，4秒后重试 (2/3): ConnectionError
2026-01-29 15:38:09,114 - WARNING - ⚠️  000901 重试3次后仍失败，跳过
2026-01-29 15:38:09,115 - WARNING - ⚠️  000901 数据为空，跳过
2026-01-29 15:38:09,553 - WARNING - ⚠️  002678 网络错误，2秒后重试 (1/3): ConnectionError
2026-01-29 15:38:12,156 - WARNING - ⚠️  获取 002678 历史数据失败: Length mismatch: Expected axis has 12 elements, new values have 11 elements
2026-01-29 15:38:12,156 - WARNING - ⚠️  002678 数据为空，跳过
2026-01-29 15:38:12,525 - WARNING - ⚠️  获取 600678 历史数据失败: Length mismatch: Expected axis has 12 elements, new values have 11 elements
2026-01-29 15:38:12,525 - WARNING - ⚠️  600678 数据为空，跳过
2026-01-29 15:38:12,879 - WARNING - ⚠️  获取 600392 历史数据失败: Length mismatch: Expected axis has 12 elements, new values have 11 elements
2026-01-29 15:38:12,879 - WARNING - ⚠️  600392 数据为空，跳过
2026-01-29 15:38:13,233 - WARNING - ⚠️  获取 603916 历史数据失败: Length mismatch: Expected axis has 12 elements, new values have 11 elements
2026-01-29 15:38:13,233 - WARNING - ⚠️  603916 数据为空，跳过
2026-01-29 15:38:13,583 - WARNING - ⚠️  获取 600649 历史数据失败: Length mismatch: Expected axis has 12 elements, new values have 11 elements
2026-01-29 15:38:13,583 - WARNING - ⚠️  600649 数据为空，跳过
2026-01-29 15:38:13,930 - WARNING - ⚠️  获取 000737 历史数据失败: Length mismatch: Expected axis has 12 elements, new values have 11 elements
2026-01-29 15:38:13,930 - WARNING - ⚠️  000737 数据为空，跳过
2026-01-29 15:38:14,279 - WARNING - ⚠️  获取 002440 历史数据失败: Length mismatch: Expected axis has 12 elements, new values have 11 elements
2026-01-29 15:38:14,279 - WARNING - ⚠️  002440 数据为空，跳过
2026-01-29 15:38:14,637 - WARNING - ⚠️  获取 000878 历史数据失败: Length mismatch: Expected axis has 12 elements, new values have 11 elements
2026-01-29 15:38:14,637 - WARNING - ⚠️  000878 数据为空，跳过
2026-01-29 15:38:15,005 - WARNING - ⚠️  获取 000630 历史数据失败: Length mismatch: Expected axis has 12 elements, new values have 11 elements
2026-01-29 15:38:15,005 - WARNING - ⚠️  000630 数据为空，跳过
2026-01-29 15:38:15,360 - WARNING - ⚠️  获取 002259 历史数据失败: Length mismatch: Expected axis has 12 elements, new values have 11 elements
2026-01-29 15:38:15,360 - WARNING - ⚠️  002259 数据为空，跳过
2026-01-29 15:38:15,704 - WARNING - ⚠️  获取 001386 历史数据失败: Length mismatch: Expected axis has 12 elements, new values have 11 elements
2026-01-29 15:38:15,704 - WARNING - ⚠️  001386 数据为空，跳过
2026-01-29 15:38:16,060 - WARNING - ⚠️  获取 002207 历史数据失败: Length mismatch: Expected axis has 12 elements, new values have 11 elements
2026-01-29 15:38:16,060 - WARNING - ⚠️  002207 数据为空，跳过
2026-01-29 15:38:16,419 - WARNING - ⚠️  获取 603619 历史数据失败: Length mismatch: Expected axis has 12 elements, new values have 11 elements
2026-01-29 15:38:16,419 - WARNING - ⚠️  603619 数据为空，跳过
2026-01-29 15:38:16,758 - WARNING - ⚠️  获取 603162 历史数据失败: Length mismatch: Expected axis has 12 elements, new values have 11 elements
2026-01-29 15:38:16,759 - WARNING - ⚠️  603162 数据为空，跳过
2026-01-29 15:38:17,111 - WARNING - ⚠️  获取 300164 历史数据失败: Length mismatch: Expected axis has 12 elements, new values have 11 elements
2026-01-29 15:38:17,112 - WARNING - ⚠️  300164 数据为空，跳过
2026-01-29 15:38:17,447 - WARNING - ⚠️  获取 600273 历史数据失败: Length mismatch: Expected axis has 12 elements, new values have 11 elements
2026-01-29 15:38:17,447 - WARNING - ⚠️  600273 数据为空，跳过
2026-01-29 15:38:17,803 - WARNING - ⚠️  获取 000554 历史数据失败: Length mismatch: Expected axis has 12 elements, new values have 11 elements
2026-01-29 15:38:17,803 - WARNING - ⚠️  000554 数据为空，跳过
2026-01-29 15:38:18,165 - WARNING - ⚠️  获取 600785 历史数据失败: Length mismatch: Expected axis has 12 elements, new values have 11 elements
2026-01-29 15:38:18,165 - WARNING - ⚠️  600785 数据为空，跳过
2026-01-29 15:38:18,528 - WARNING - ⚠️  603599 网络错误，2秒后重试 (1/3): ConnectionError
2026-01-29 15:38:20,756 - WARNING - ⚠️  603599 网络错误，4秒后重试 (2/3): ConnectionError
2026-01-29 15:38:24,966 - WARNING - ⚠️  603599 重试3次后仍失败，跳过
2026-01-29 15:38:24,966 - WARNING - ⚠️  603599 数据为空，跳过
2026-01-29 15:38:25,291 - WARNING - ⚠️  000995 网络错误，2秒后重试 (1/3): ConnectionError
2026-01-29 15:38:27,524 - WARNING - ⚠️  000995 网络错误，4秒后重试 (2/3): ConnectionError
2026-01-29 15:38:32,178 - WARNING - ⚠️  000995 重试3次后仍失败，跳过
2026-01-29 15:38:32,178 - WARNING - ⚠️  000995 数据为空，跳过
2026-01-29 15:38:32,839 - WARNING - ⚠️  000799 网络错误，2秒后重试 (1/3): ConnectionError
2026-01-29 15:38:35,136 - WARNING - ⚠️  000799 网络错误，4秒后重试 (2/3): ConnectionError
2026-01-29 15:38:39,693 - WARNING - ⚠️  000799 重试3次后仍失败，跳过
2026-01-29 15:38:39,693 - WARNING - ⚠️  000799 数据为空，跳过
2026-01-29 15:38:40,056 - WARNING - ⚠️  600339 网络错误，2秒后重试 (1/3): ConnectionError
2026-01-29 15:38:42,305 - WARNING - ⚠️  600339 网络错误，4秒后重试 (2/3): ConnectionError
2026-01-29 15:38:46,852 - WARNING - ⚠️  600339 重试3次后仍失败，跳过
2026-01-29 15:38:46,852 - WARNING - ⚠️  600339 数据为空，跳过
2026-01-29 15:38:47,184 - WARNING - ⚠️  600759 网络错误，2秒后重试 (1/3): ConnectionError
2026-01-29 15:38:49,420 - WARNING - ⚠️  600759 网络错误，4秒后重试 (2/3): ConnectionError
2026-01-29 15:38:53,978 - WARNING - ⚠️  600759 重试3次后仍失败，跳过
2026-01-29 15:38:53,978 - WARNING - ⚠️  600759 数据为空，跳过
2026-01-29 15:38:54,373 - WARNING - ⚠️  300780 网络错误，2秒后重试 (1/3): ConnectionError
2026-01-29 15:38:56,611 - WARNING - ⚠️  300780 网络错误，4秒后重试 (2/3): ConnectionError
2026-01-29 15:39:01,122 - WARNING - ⚠️  300780 重试3次后仍失败，跳过
2026-01-29 15:39:01,123 - WARNING - ⚠️  300780 数据为空，跳过
2026-01-29 15:39:01,456 - WARNING - ⚠️  603919 网络错误，2秒后重试 (1/3): ConnectionError
2026-01-29 15:39:04,001 - WARNING - ⚠️  603919 网络错误，4秒后重试 (2/3): ConnectionError
2026-01-29 15:39:08,568 - WARNING - ⚠️  603919 重试3次后仍失败，跳过
2026-01-29 15:39:08,568 - WARNING - ⚠️  603919 数据为空，跳过
2026-01-29 15:39:08,904 - WARNING - ⚠️  600702 网络错误，2秒后重试 (1/3): ConnectionError
2026-01-29 15:39:11,177 - WARNING - ⚠️  600702 网络错误，4秒后重试 (2/3): ConnectionError
2026-01-29 15:39:16,700 - WARNING - ⚠️  获取 600702 历史数据失败: Length mismatch: Expected axis has 12 elements, new values have 11 elements
2026-01-29 15:39:16,701 - WARNING - ⚠️  600702 数据为空，跳过
2026-01-29 15:39:17,353 - WARNING - ⚠️  600779 网络错误，2秒后重试 (1/3): ConnectionError
2026-01-29 15:39:19,752 - WARNING - ⚠️  600779 网络错误，4秒后重试 (2/3): ConnectionError
2026-01-29 15:39:24,057 - WARNING - ⚠️  600779 重试3次后仍失败，跳过
2026-01-29 15:39:24,057 - WARNING - ⚠️  600779 数据为空，跳过
2026-01-29 15:39:24,546 - WARNING - ⚠️  000568 网络错误，2秒后重试 (1/3): ConnectionError
2026-01-29 15:39:26,796 - WARNING - ⚠️  000568 网络错误，4秒后重试 (2/3): ConnectionError
2026-01-29 15:39:31,198 - WARNING - ⚠️  000568 重试3次后仍失败，跳过
2026-01-29 15:39:31,199 - WARNING - ⚠️  000568 数据为空，跳过
2026-01-29 15:39:31,944 - WARNING - ⚠️  600199 网络错误，2秒后重试 (1/3): ConnectionError
2026-01-29 15:39:34,312 - WARNING - ⚠️  600199 网络错误，4秒后重试 (2/3): ConnectionError
2026-01-29 15:39:38,658 - WARNING - ⚠️  600199 重试3次后仍失败，跳过
2026-01-29 15:39:38,659 - WARNING - ⚠️  600199 数据为空，跳过
2026-01-29 15:39:39,215 - WARNING - ⚠️  601579 网络错误，2秒后重试 (1/3): ConnectionError
2026-01-29 15:39:41,487 - WARNING - ⚠️  601579 网络错误，4秒后重试 (2/3): ConnectionError
2026-01-29 15:39:45,883 - WARNING - ⚠️  601579 重试3次后仍失败，跳过
2026-01-29 15:39:45,883 - WARNING - ⚠️  601579 数据为空，跳过
2026-01-29 15:39:46,453 - WARNING - ⚠️  000596 网络错误，2秒后重试 (1/3): ConnectionError
2026-01-29 15:39:48,695 - WARNING - ⚠️  000596 网络错误，4秒后重试 (2/3): ConnectionError
2026-01-29 15:39:52,916 - WARNING - ⚠️  000596 重试3次后仍失败，跳过
2026-01-29 15:39:52,917 - WARNING - ⚠️  000596 数据为空，跳过
2026-01-29 15:39:53,322 - WARNING - ⚠️  600809 网络错误，2秒后重试 (1/3): ConnectionError
2026-01-29 15:39:55,571 - WARNING - ⚠️  600809 网络错误，4秒后重试 (2/3): ConnectionError
2026-01-29 15:40:00,083 - WARNING - ⚠️  600809 重试3次后仍失败，跳过
2026-01-29 15:40:00,084 - WARNING - ⚠️  600809 数据为空，跳过
2026-01-29 15:40:00,570 - WARNING - ⚠️  600722 网络错误，2秒后重试 (1/3): ConnectionError
2026-01-29 15:40:02,764 - WARNING - ⚠️  600722 网络错误，4秒后重试 (2/3): ConnectionError
2026-01-29 15:40:07,316 - WARNING - ⚠️  600722 重试3次后仍失败，跳过
2026-01-29 15:40:07,317 - WARNING - ⚠️  600722 数据为空，跳过
2026-01-29 15:40:07,963 - WARNING - ⚠️  603980 网络错误，2秒后重试 (1/3): ConnectionError
2026-01-29 15:40:10,574 - WARNING - ⚠️  603980 网络错误，4秒后重试 (2/3): ConnectionError
2026-01-29 15:40:14,836 - WARNING - ⚠️  603980 重试3次后仍失败，跳过
2026-01-29 15:40:14,836 - WARNING - ⚠️  603980 数据为空，跳过
2026-01-29 15:40:15,239 - WARNING - ⚠️  000858 网络错误，2秒后重试 (1/3): ConnectionError
2026-01-29 15:40:17,451 - WARNING - ⚠️  000858 网络错误，4秒后重试 (2/3): ConnectionError
2026-01-29 15:40:21,805 - WARNING - ⚠️  000858 重试3次后仍失败，跳过
2026-01-29 15:40:21,805 - WARNING - ⚠️  000858 数据为空，跳过
2026-01-29 15:40:22,363 - WARNING - ⚠️  600559 网络错误，2秒后重试 (1/3): ConnectionError
2026-01-29 15:40:24,613 - WARNING - ⚠️  600559 网络错误，4秒后重试 (2/3): ConnectionError
2026-01-29 15:40:28,843 - WARNING - ⚠️  600559 重试3次后仍失败，跳过
2026-01-29 15:40:28,844 - WARNING - ⚠️  600559 数据为空，跳过
2026-01-29 15:40:29,258 - WARNING - ⚠️  603198 网络错误，2秒后重试 (1/3): ConnectionError
2026-01-29 15:40:31,504 - WARNING - ⚠️  603198 网络错误，4秒后重试 (2/3): ConnectionError
2026-01-29 15:40:35,739 - WARNING - ⚠️  603198 重试3次后仍失败，跳过
2026-01-29 15:40:35,739 - WARNING - ⚠️  603198 数据为空，跳过
2026-01-29 15:40:36,114 - WARNING - ⚠️  603369 网络错误，2秒后重试 (1/3): ConnectionError
2026-01-29 15:40:38,364 - WARNING - ⚠️  603369 网络错误，4秒后重试 (2/3): ConnectionError
2026-01-29 15:40:42,599 - WARNING - ⚠️  603369 重试3次后仍失败，跳过
2026-01-29 15:40:42,600 - WARNING - ⚠️  603369 数据为空，跳过
2026-01-29 15:40:42,920 - WARNING - ⚠️  603589 网络错误，2秒后重试 (1/3): ConnectionError
2026-01-29 15:40:45,155 - WARNING - ⚠️  603589 网络错误，4秒后重试 (2/3): ConnectionError
2026-01-29 15:40:49,375 - WARNING - ⚠️  603589 重试3次后仍失败，跳过
2026-01-29 15:40:49,376 - WARNING - ⚠️  603589 数据为空，跳过
2026-01-29 15:40:49,700 - WARNING - ⚠️  600059 网络错误，2秒后重试 (1/3): ConnectionError
2026-01-29 15:40:51,915 - WARNING - ⚠️  600059 网络错误，4秒后重试 (2/3): ConnectionError
2026-01-29 15:40:56,201 - WARNING - ⚠️  600059 重试3次后仍失败，跳过
2026-01-29 15:40:56,202 - WARNING - ⚠️  600059 数据为空，跳过
2026-01-29 15:40:56,526 - WARNING - ⚠️  002646 网络错误，2秒后重试 (1/3): ConnectionError
2026-01-29 15:40:58,745 - WARNING - ⚠️  002646 网络错误，4秒后重试 (2/3): ConnectionError
2026-01-29 15:41:02,976 - WARNING - ⚠️  002646 重试3次后仍失败，跳过
2026-01-29 15:41:02,977 - WARNING - ⚠️  002646 数据为空，跳过
2026-01-29 15:41:03,314 - WARNING - ⚠️  600197 网络错误，2秒后重试 (1/3): ConnectionError
2026-01-29 15:41:05,542 - WARNING - ⚠️  600197 网络错误，4秒后重试 (2/3): ConnectionError
2026-01-29 15:41:09,797 - WARNING - ⚠️  600197 重试3次后仍失败，跳过
2026-01-29 15:41:09,797 - WARNING - ⚠️  600197 数据为空，跳过
2026-01-29 15:41:10,114 - WARNING - ⚠️  002304 网络错误，2秒后重试 (1/3): ConnectionError
2026-01-29 15:41:12,323 - WARNING - ⚠️  002304 网络错误，4秒后重试 (2/3): ConnectionError
2026-01-29 15:41:16,542 - WARNING - ⚠️  002304 重试3次后仍失败，跳过
2026-01-29 15:41:16,542 - WARNING - ⚠️  002304 数据为空，跳过
2026-01-29 15:41:16,713 - INFO - 🔥 更新高分妖股: 9 只
2026-01-29 15:41:16,890 - WARNING - ⚠️  300750 网络错误，2秒后重试 (1/3): ConnectionError
2026-01-29 15:41:19,130 - WARNING - ⚠️  300750 网络错误，4秒后重试 (2/3): ConnectionError
2026-01-29 15:41:23,351 - WARNING - ⚠️  300750 重试3次后仍失败，跳过
2026-01-29 15:41:23,351 - WARNING - ⚠️  300750 数据为空，跳过
2026-01-29 15:41:23,683 - WARNING - ⚠️  002594 网络错误，2秒后重试 (1/3): ConnectionError
2026-01-29 15:41:25,896 - WARNING - ⚠️  002594 网络错误，4秒后重试 (2/3): ConnectionError
2026-01-29 15:41:30,122 - WARNING - ⚠️  002594 重试3次后仍失败，跳过
2026-01-29 15:41:30,122 - WARNING - ⚠️  002594 数据为空，跳过
2026-01-29 15:41:30,435 - WARNING - ⚠️  603501 网络错误，2秒后重试 (1/3): ConnectionError
2026-01-29 15:41:32,649 - WARNING - ⚠️  603501 网络错误，4秒后重试 (2/3): ConnectionError
2026-01-29 15:41:36,855 - WARNING - ⚠️  603501 重试3次后仍失败，跳过
2026-01-29 15:41:36,856 - WARNING - ⚠️  603501 数据为空，跳过
2026-01-29 15:41:37,183 - WARNING - ⚠️  600519 网络错误，2秒后重试 (1/3): ConnectionError
2026-01-29 15:41:39,388 - WARNING - ⚠️  600519 网络错误，4秒后重试 (2/3): ConnectionError
2026-01-29 15:41:43,608 - WARNING - ⚠️  600519 重试3次后仍失败，跳过
2026-01-29 15:41:43,609 - WARNING - ⚠️  600519 数据为空，跳过
2026-01-29 15:41:43,941 - WARNING - ⚠️  000858 网络错误，2秒后重试 (1/3): ConnectionError
2026-01-29 15:41:46,168 - WARNING - ⚠️  000858 网络错误，4秒后重试 (2/3): ConnectionError
2026-01-29 15:41:50,341 - WARNING - ⚠️  000858 重试3次后仍失败，跳过
2026-01-29 15:41:50,343 - WARNING - ⚠️  000858 数据为空，跳过
2026-01-29 15:41:50,598 - WARNING - ⚠️  601318 网络错误，2秒后重试 (1/3): ConnectionError
2026-01-29 15:41:52,758 - WARNING - ⚠️  601318 网络错误，4秒后重试 (2/3): ConnectionError
2026-01-29 15:41:56,922 - WARNING - ⚠️  601318 重试3次后仍失败，跳过
2026-01-29 15:41:56,922 - WARNING - ⚠️  601318 数据为空，跳过
2026-01-29 15:41:57,224 - WARNING - ⚠️  600036 网络错误，2秒后重试 (1/3): ConnectionError
2026-01-29 15:41:59,372 - WARNING - ⚠️  600036 网络错误，4秒后重试 (2/3): ConnectionError
2026-01-29 15:42:03,569 - WARNING - ⚠️  600036 重试3次后仍失败，跳过
2026-01-29 15:42:03,569 - WARNING - ⚠️  600036 数据为空，跳过
2026-01-29 15:42:03,815 - WARNING - ⚠️  600276 网络错误，2秒后重试 (1/3): ConnectionError
2026-01-29 15:42:05,986 - WARNING - ⚠️  600276 网络错误，4秒后重试 (2/3): ConnectionError
2026-01-29 15:42:10,164 - WARNING - ⚠️  600276 重试3次后仍失败，跳过
2026-01-29 15:42:10,165 - WARNING - ⚠️  600276 数据为空，跳过
2026-01-29 15:42:10,436 - WARNING - ⚠️  000001 网络错误，2秒后重试 (1/3): ConnectionError
2026-01-29 15:42:12,599 - WARNING - ⚠️  000001 网络错误，4秒后重试 (2/3): ConnectionError
2026-01-29 15:42:16,792 - WARNING - ⚠️  000001 重试3次后仍失败，跳过
2026-01-29 15:42:16,792 - WARNING - ⚠️  000001 数据为空，跳过
2026-01-29 15:42:16,970 - INFO - 💾 基因库保存成功: 10 只股票
2026-01-29 15:42:16,971 - INFO - ✅ 增量更新完成!
2026-01-29 15:42:16,971 - INFO - ?? 更新: 0 只
2026-01-29 15:42:16,971 - INFO - ⏱️  耗时: 7.2 分钟

✅ 维护完成
2026-01-29 15:42:19,313 - INFO - ✅ 妖股基因库加载成功: 10 只股票
📊 基因库统计:
   总数: 10只
   超级妖股(≥80分): 2只
   强妖股(60-79分): 7只

================================================
维护结束时间: 2026-01-29 15:42:19
================================================
