================================================
🔄 妖股基因库每日维护开始
时间: 2026-01-28 15:35:00
================================================

✅ 基因库已存在，执行增量更新
2026-01-28 15:35:03,505 - INFO - ✅ 妖股基因库加载成功: 10 只股票
2026-01-28 15:35:03,505 - INFO - 🔄 开始增量更新妖股基因库...
2026-01-28 15:35:03,710 - INFO - 📊 今日涨停: 80 只
2026-01-28 15:35:03,982 - WARNING - ⚠️  获取 000620 历史数据失败: Length mismatch: Expected axis has 12 elements, new values have 11 elements
2026-01-28 15:35:03,982 - WARNING - ⚠️  000620 数据为空，跳过
2026-01-28 15:35:04,409 - WARNING - ⚠️  获取 000815 历史数据失败: Length mismatch: Expected axis has 12 elements, new values have 11 elements
2026-01-28 15:35:04,409 - WARNING - ⚠️  000815 数据为空，跳过
2026-01-28 15:35:04,842 - WARNING - ⚠️  获取 001376 历史数据失败: Length mismatch: Expected axis has 12 elements, new values have 11 elements
2026-01-28 15:35:04,842 - WARNING - ⚠️  001376 数据为空，跳过
2026-01-28 15:35:05,338 - WARNING - ⚠️  获取 002155 历史数据失败: Length mismatch: Expected axis has 12 elements, new values have 11 elements
2026-01-28 15:35:05,339 - WARNING - ⚠️  002155 数据为空，跳过
2026-01-28 15:35:05,791 - WARNING - ⚠️  获取 600916 历史数据失败: Length mismatch: Expected axis has 12 elements, new values have 11 elements
2026-01-28 15:35:05,791 - WARNING - ⚠️  600916 数据为空，跳过
2026-01-28 15:35:06,230 - WARNING - ⚠️  获取 002455 历史数据失败: Length mismatch: Expected axis has 12 elements, new values have 11 elements
2026-01-28 15:35:06,230 - WARNING - ⚠️  002455 数据为空，跳过
2026-01-28 15:35:06,661 - WARNING - ⚠️  获取 002119 历史数据失败: Length mismatch: Expected axis has 12 elements, new values have 11 elements
2026-01-28 15:35:06,662 - WARNING - ⚠️  002119 数据为空，跳过
2026-01-28 15:35:07,085 - WARNING - ⚠️  获取 002169 历史数据失败: Length mismatch: Expected axis has 12 elements, new values have 11 elements
2026-01-28 15:35:07,085 - WARNING - ⚠️  002169 数据为空，跳过
2026-01-28 15:35:07,494 - WARNING - ⚠️  002440 网络错误，2秒后重试 (1/3): ConnectionError
2026-01-28 15:35:09,800 - WARNING - ⚠️  002440 网络错误，4秒后重试 (2/3): ConnectionError
2026-01-28 15:35:14,118 - WARNING - ⚠️  002440 重试3次后仍失败，跳过
2026-01-28 15:35:14,118 - WARNING - ⚠️  002440 数据为空，跳过
2026-01-28 15:35:14,536 - WARNING - ⚠️  688216 网络错误，2秒后重试 (1/3): ConnectionError
2026-01-28 15:35:16,832 - WARNING - ⚠️  688216 网络错误，4秒后重试 (2/3): ConnectionError
2026-01-28 15:35:21,150 - WARNING - ⚠️  688216 重试3次后仍失败，跳过
2026-01-28 15:35:21,151 - WARNING - ⚠️  688216 数据为空，跳过
2026-01-28 15:35:21,569 - WARNING - ⚠️  600352 网络错误，2秒后重试 (1/3): ConnectionError
2026-01-28 15:35:23,906 - WARNING - ⚠️  600352 网络错误，4秒后重试 (2/3): ConnectionError
2026-01-28 15:35:28,235 - WARNING - ⚠️  600352 重试3次后仍失败，跳过
2026-01-28 15:35:28,235 - WARNING - ⚠️  600352 数据为空，跳过
2026-01-28 15:35:28,647 - WARNING - ⚠️  601388 网络错误，2秒后重试 (1/3): ConnectionError
2026-01-28 15:35:30,973 - WARNING - ⚠️  601388 网络错误，4秒后重试 (2/3): ConnectionError
2026-01-28 15:35:35,286 - WARNING - ⚠️  601388 重试3次后仍失败，跳过
2026-01-28 15:35:35,286 - WARNING - ⚠️  601388 数据为空，跳过
2026-01-28 15:35:35,702 - WARNING - ⚠️  603188 网络错误，2秒后重试 (1/3): ConnectionError
2026-01-28 15:35:38,015 - WARNING - ⚠️  603188 网络错误，4秒后重试 (2/3): ConnectionError
2026-01-28 15:35:42,327 - WARNING - ⚠️  603188 重试3次后仍失败，跳过
2026-01-28 15:35:42,327 - WARNING - ⚠️  603188 数据为空，跳过
2026-01-28 15:35:42,731 - WARNING - ⚠️  600655 网络错误，2秒后重试 (1/3): ConnectionError
2026-01-28 15:35:45,043 - WARNING - ⚠️  600655 网络错误，4秒后重试 (2/3): ConnectionError
2026-01-28 15:35:49,347 - WARNING - ⚠️  600655 重试3次后仍失败，跳过
2026-01-28 15:35:49,348 - WARNING - ⚠️  600655 数据为空，跳过
2026-01-28 15:35:49,773 - WARNING - ⚠️  003042 网络错误，2秒后重试 (1/3): ConnectionError
2026-01-28 15:35:52,124 - WARNING - ⚠️  003042 网络错误，4秒后重试 (2/3): ConnectionError
2026-01-28 15:35:56,443 - WARNING - ⚠️  003042 重试3次后仍失败，跳过
2026-01-28 15:35:56,443 - WARNING - ⚠️  003042 数据为空，跳过
2026-01-28 15:35:56,838 - WARNING - ⚠️  603958 网络错误，2秒后重试 (1/3): ConnectionError
2026-01-28 15:35:59,157 - WARNING - ⚠️  603958 网络错误，4秒后重试 (2/3): ConnectionError
2026-01-28 15:36:03,470 - WARNING - ⚠️  603958 重试3次后仍失败，跳过
2026-01-28 15:36:03,471 - WARNING - ⚠️  603958 数据为空，跳过
2026-01-28 15:36:03,884 - WARNING - ⚠️  603052 网络错误，2秒后重试 (1/3): ConnectionError
2026-01-28 15:36:06,209 - WARNING - ⚠️  603052 网络错误，4秒后重试 (2/3): ConnectionError
2026-01-28 15:36:10,536 - WARNING - ⚠️  603052 重试3次后仍失败，跳过
2026-01-28 15:36:10,536 - WARNING - ⚠️  603052 数据为空，跳过
2026-01-28 15:36:11,009 - WARNING - ⚠️  000599 网络错误，2秒后重试 (1/3): ConnectionError
2026-01-28 15:36:13,314 - WARNING - ⚠️  000599 网络错误，4秒后重试 (2/3): ConnectionError
2026-01-28 15:36:17,631 - WARNING - ⚠️  000599 重试3次后仍失败，跳过
2026-01-28 15:36:17,631 - WARNING - ⚠️  000599 数据为空，跳过
2026-01-28 15:36:18,059 - WARNING - ⚠️  603900 网络错误，2秒后重试 (1/3): ConnectionError
2026-01-28 15:36:20,374 - WARNING - ⚠️  603900 网络错误，4秒后重试 (2/3): ConnectionError
2026-01-28 15:36:24,614 - WARNING - ⚠️  603900 重试3次后仍失败，跳过
2026-01-28 15:36:24,614 - WARNING - ⚠️  603900 数据为空，跳过
2026-01-28 15:36:24,918 - WARNING - ⚠️  000506 网络错误，2秒后重试 (1/3): ConnectionError
2026-01-28 15:36:27,136 - WARNING - ⚠️  000506 网络错误，4秒后重试 (2/3): ConnectionError
2026-01-28 15:36:31,341 - WARNING - ⚠️  000506 重试3次后仍失败，跳过
2026-01-28 15:36:31,341 - WARNING - ⚠️  000506 数据为空，跳过
2026-01-28 15:36:31,639 - WARNING - ⚠️  001337 网络错误，2秒后重试 (1/3): ConnectionError
2026-01-28 15:36:33,851 - WARNING - ⚠️  001337 网络错误，4秒后重试 (2/3): ConnectionError
2026-01-28 15:36:38,056 - WARNING - ⚠️  001337 重试3次后仍失败，跳过
2026-01-28 15:36:38,056 - WARNING - ⚠️  001337 数据为空，跳过
2026-01-28 15:36:38,363 - WARNING - ⚠️  600313 网络错误，2秒后重试 (1/3): ConnectionError
2026-01-28 15:36:40,584 - WARNING - ⚠️  600313 网络错误，4秒后重试 (2/3): ConnectionError
2026-01-28 15:36:44,803 - WARNING - ⚠️  600313 重试3次后仍失败，跳过
2026-01-28 15:36:44,803 - WARNING - ⚠️  600313 数据为空，跳过
2026-01-28 15:36:45,121 - WARNING - ⚠️  601069 网络错误，2秒后重试 (1/3): ConnectionError
2026-01-28 15:36:47,333 - WARNING - ⚠️  601069 网络错误，4秒后重试 (2/3): ConnectionError
2026-01-28 15:36:51,559 - WARNING - ⚠️  601069 重试3次后仍失败，跳过
2026-01-28 15:36:51,559 - WARNING - ⚠️  601069 数据为空，跳过
2026-01-28 15:36:51,862 - WARNING - ⚠️  603988 网络错误，2秒后重试 (1/3): ConnectionError
2026-01-28 15:36:54,075 - WARNING - ⚠️  603988 网络错误，4秒后重试 (2/3): ConnectionError
2026-01-28 15:36:58,273 - WARNING - ⚠️  603988 重试3次后仍失败，跳过
2026-01-28 15:36:58,273 - WARNING - ⚠️  603988 数据为空，跳过
2026-01-28 15:36:58,579 - WARNING - ⚠️  600230 网络错误，2秒后重试 (1/3): ConnectionError
2026-01-28 15:37:00,818 - WARNING - ⚠️  600230 网络错误，4秒后重试 (2/3): ConnectionError
2026-01-28 15:37:05,045 - WARNING - ⚠️  600230 重试3次后仍失败，跳过
2026-01-28 15:37:05,045 - WARNING - ⚠️  600230 数据为空，跳过
2026-01-28 15:37:05,366 - WARNING - ⚠️  300798 网络错误，2秒后重试 (1/3): ConnectionError
2026-01-28 15:37:07,567 - WARNING - ⚠️  300798 网络错误，4秒后重试 (2/3): ConnectionError
2026-01-28 15:37:11,793 - WARNING - ⚠️  300798 重试3次后仍失败，跳过
2026-01-28 15:37:11,793 - WARNING - ⚠️  300798 数据为空，跳过
2026-01-28 15:37:12,129 - WARNING - ⚠️  600871 网络错误，2秒后重试 (1/3): ConnectionError
2026-01-28 15:37:14,410 - WARNING - ⚠️  600871 网络错误，4秒后重试 (2/3): ConnectionError
2026-01-28 15:37:18,642 - WARNING - ⚠️  600871 重试3次后仍失败，跳过
2026-01-28 15:37:18,643 - WARNING - ⚠️  600871 数据为空，跳过
2026-01-28 15:37:18,942 - WARNING - ⚠️  601212 网络错误，2秒后重试 (1/3): ConnectionError
2026-01-28 15:37:21,161 - WARNING - ⚠️  601212 网络错误，4秒后重试 (2/3): ConnectionError
2026-01-28 15:37:25,393 - WARNING - ⚠️  601212 重试3次后仍失败，跳过
2026-01-28 15:37:25,394 - WARNING - ⚠️  601212 数据为空，跳过
2026-01-28 15:37:25,715 - WARNING - ⚠️  000751 网络错误，2秒后重试 (1/3): ConnectionError
2026-01-28 15:37:27,930 - WARNING - ⚠️  000751 网络错误，4秒后重试 (2/3): ConnectionError
2026-01-28 15:37:32,161 - WARNING - ⚠️  000751 重试3次后仍失败，跳过
2026-01-28 15:37:32,162 - WARNING - ⚠️  000751 数据为空，跳过
2026-01-28 15:37:32,497 - WARNING - ⚠️  600531 网络错误，2秒后重试 (1/3): ConnectionError
2026-01-28 15:37:34,709 - WARNING - ⚠️  600531 网络错误，4秒后重试 (2/3): ConnectionError
2026-01-28 15:37:38,959 - WARNING - ⚠️  600531 重试3次后仍失败，跳过
2026-01-28 15:37:38,959 - WARNING - ⚠️  600531 数据为空，跳过
2026-01-28 15:37:39,277 - WARNING - ⚠️  002721 网络错误，2秒后重试 (1/3): ConnectionError
2026-01-28 15:37:41,493 - WARNING - ⚠️  002721 网络错误，4秒后重试 (2/3): ConnectionError
2026-01-28 15:37:45,718 - WARNING - ⚠️  002721 重试3次后仍失败，跳过
2026-01-28 15:37:45,718 - WARNING - ⚠️  002721 数据为空，跳过
2026-01-28 15:37:46,030 - WARNING - ⚠️  002160 网络错误，2秒后重试 (1/3): ConnectionError
2026-01-28 15:37:48,262 - WARNING - ⚠️  002160 网络错误，4秒后重试 (2/3): ConnectionError
2026-01-28 15:37:52,471 - WARNING - ⚠️  002160 重试3次后仍失败，跳过
2026-01-28 15:37:52,471 - WARNING - ⚠️  002160 数据为空，跳过
2026-01-28 15:37:52,782 - WARNING - ⚠️  000573 网络错误，2秒后重试 (1/3): ConnectionError
2026-01-28 15:37:55,006 - WARNING - ⚠️  000573 网络错误，4秒后重试 (2/3): ConnectionError
2026-01-28 15:37:59,234 - WARNING - ⚠️  000573 重试3次后仍失败，跳过
2026-01-28 15:37:59,235 - WARNING - ⚠️  000573 数据为空，跳过
2026-01-28 15:37:59,539 - WARNING - ⚠️  603077 网络错误，2秒后重试 (1/3): ConnectionError
2026-01-28 15:38:01,747 - WARNING - ⚠️  603077 网络错误，4秒后重试 (2/3): ConnectionError
2026-01-28 15:38:05,966 - WARNING - ⚠️  603077 重试3次后仍失败，跳过
2026-01-28 15:38:05,966 - WARNING - ⚠️  603077 数据为空，跳过
2026-01-28 15:38:06,292 - WARNING - ⚠️  002578 网络错误，2秒后重试 (1/3): ConnectionError
2026-01-28 15:38:08,516 - WARNING - ⚠️  002578 网络错误，4秒后重试 (2/3): ConnectionError
2026-01-28 15:38:12,718 - WARNING - ⚠️  002578 重试3次后仍失败，跳过
2026-01-28 15:38:12,718 - WARNING - ⚠️  002578 数据为空，跳过
2026-01-28 15:38:13,025 - WARNING - ⚠️  601600 网络错误，2秒后重试 (1/3): ConnectionError
2026-01-28 15:38:15,255 - WARNING - ⚠️  601600 网络错误，4秒后重试 (2/3): ConnectionError
2026-01-28 15:38:19,475 - WARNING - ⚠️  601600 重试3次后仍失败，跳过
2026-01-28 15:38:19,475 - WARNING - ⚠️  601600 数据为空，跳过
2026-01-28 15:38:19,796 - WARNING - ⚠️  000758 网络错误，2秒后重试 (1/3): ConnectionError
2026-01-28 15:38:22,022 - WARNING - ⚠️  000758 网络错误，4秒后重试 (2/3): ConnectionError
2026-01-28 15:38:26,253 - WARNING - ⚠️  000758 重试3次后仍失败，跳过
2026-01-28 15:38:26,253 - WARNING - ⚠️  000758 数据为空，跳过
2026-01-28 15:38:26,552 - WARNING - ⚠️  600170 网络错误，2秒后重试 (1/3): ConnectionError
2026-01-28 15:38:28,770 - WARNING - ⚠️  600170 网络错误，4秒后重试 (2/3): ConnectionError
2026-01-28 15:38:33,008 - WARNING - ⚠️  600170 重试3次后仍失败，跳过
2026-01-28 15:38:33,009 - WARNING - ⚠️  600170 数据为空，跳过
2026-01-28 15:38:33,337 - WARNING - ⚠️  002724 网络错误，2秒后重试 (1/3): ConnectionError
2026-01-28 15:38:35,553 - WARNING - ⚠️  002724 网络错误，4秒后重试 (2/3): ConnectionError
2026-01-28 15:38:39,784 - WARNING - ⚠️  002724 重试3次后仍失败，跳过
2026-01-28 15:38:39,785 - WARNING - ⚠️  002724 数据为空，跳过
2026-01-28 15:38:40,130 - WARNING - ⚠️  300139 网络错误，2秒后重试 (1/3): ConnectionError
2026-01-28 15:38:42,401 - WARNING - ⚠️  300139 网络错误，4秒后重试 (2/3): ConnectionError
2026-01-28 15:38:46,638 - WARNING - ⚠️  300139 重试3次后仍失败，跳过
2026-01-28 15:38:46,638 - WARNING - ⚠️  300139 数据为空，跳过
2026-01-28 15:38:46,960 - WARNING - ⚠️  301500 网络错误，2秒后重试 (1/3): ConnectionError
2026-01-28 15:38:49,213 - WARNING - ⚠️  301500 网络错误，4秒后重试 (2/3): ConnectionError
2026-01-28 15:38:53,442 - WARNING - ⚠️  301500 重试3次后仍失败，跳过
2026-01-28 15:38:53,442 - WARNING - ⚠️  301500 数据为空，跳过
2026-01-28 15:38:53,764 - WARNING - ⚠️  001360 网络错误，2秒后重试 (1/3): ConnectionError
2026-01-28 15:38:56,009 - WARNING - ⚠️  001360 网络错误，4秒后重试 (2/3): ConnectionError
2026-01-28 15:39:00,244 - WARNING - ⚠️  001360 重试3次后仍失败，跳过
2026-01-28 15:39:00,244 - WARNING - ⚠️  001360 数据为空，跳过
2026-01-28 15:39:00,567 - WARNING - ⚠️  000962 网络错误，2秒后重试 (1/3): ConnectionError
2026-01-28 15:39:02,788 - WARNING - ⚠️  000962 网络错误，4秒后重试 (2/3): ConnectionError
2026-01-28 15:39:07,018 - WARNING - ⚠️  000962 重试3次后仍失败，跳过
2026-01-28 15:39:07,018 - WARNING - ⚠️  000962 数据为空，跳过
2026-01-28 15:39:07,328 - WARNING - ⚠️  603619 网络错误，2秒后重试 (1/3): ConnectionError
2026-01-28 15:39:09,604 - WARNING - ⚠️  603619 网络错误，4秒后重试 (2/3): ConnectionError
2026-01-28 15:39:13,826 - WARNING - ⚠️  603619 重试3次后仍失败，跳过
2026-01-28 15:39:13,827 - WARNING - ⚠️  603619 数据为空，跳过
2026-01-28 15:39:14,161 - WARNING - ⚠️  000630 网络错误，2秒后重试 (1/3): ConnectionError
2026-01-28 15:39:16,378 - WARNING - ⚠️  000630 网络错误，4秒后重试 (2/3): ConnectionError
2026-01-28 15:39:20,591 - WARNING - ⚠️  000630 重试3次后仍失败，跳过
2026-01-28 15:39:20,591 - WARNING - ⚠️  000630 数据为空，跳过
2026-01-28 15:39:20,910 - WARNING - ⚠️  600987 网络错误，2秒后重试 (1/3): ConnectionError
2026-01-28 15:39:23,138 - WARNING - ⚠️  600987 网络错误，4秒后重试 (2/3): ConnectionError
2026-01-28 15:39:27,337 - WARNING - ⚠️  600987 重试3次后仍失败，跳过
2026-01-28 15:39:27,337 - WARNING - ⚠️  600987 数据为空，跳过
2026-01-28 15:39:27,717 - WARNING - ⚠️  002114 网络错误，2秒后重试 (1/3): ConnectionError
2026-01-28 15:39:29,934 - WARNING - ⚠️  002114 网络错误，4秒后重试 (2/3): ConnectionError
2026-01-28 15:39:34,147 - WARNING - ⚠️  002114 重试3次后仍失败，跳过
2026-01-28 15:39:34,147 - WARNING - ⚠️  002114 数据为空，跳过
2026-01-28 15:39:34,474 - WARNING - ⚠️  300164 网络错误，2秒后重试 (1/3): ConnectionError
2026-01-28 15:39:36,702 - WARNING - ⚠️  300164 网络错误，4秒后重试 (2/3): ConnectionError
2026-01-28 15:39:40,946 - WARNING - ⚠️  300164 重试3次后仍失败，跳过
2026-01-28 15:39:40,946 - WARNING - ⚠️  300164 数据为空，跳过
2026-01-28 15:39:41,246 - WARNING - ⚠️  603132 网络错误，2秒后重试 (1/3): ConnectionError
2026-01-28 15:39:43,481 - WARNING - ⚠️  603132 网络错误，4秒后重试 (2/3): ConnectionError
2026-01-28 15:39:47,699 - WARNING - ⚠️  603132 重试3次后仍失败，跳过
2026-01-28 15:39:47,699 - WARNING - ⚠️  603132 数据为空，跳过
2026-01-28 15:39:48,011 - WARNING - ⚠️  002207 网络错误，2秒后重试 (1/3): ConnectionError
2026-01-28 15:39:50,240 - WARNING - ⚠️  002207 网络错误，4秒后重试 (2/3): ConnectionError
2026-01-28 15:39:54,510 - WARNING - ⚠️  002207 重试3次后仍失败，跳过
2026-01-28 15:39:54,510 - WARNING - ⚠️  002207 数据为空，跳过
2026-01-28 15:39:54,853 - WARNING - ⚠️  605599 网络错误，2秒后重试 (1/3): ConnectionError
2026-01-28 15:39:57,071 - WARNING - ⚠️  605599 网络错误，4秒后重试 (2/3): ConnectionError
2026-01-28 15:40:01,287 - WARNING - ⚠️  605599 重试3次后仍失败，跳过
2026-01-28 15:40:01,288 - WARNING - ⚠️  605599 数据为空，跳过
2026-01-28 15:40:01,623 - WARNING - ⚠️  603256 网络错误，2秒后重试 (1/3): ConnectionError
2026-01-28 15:40:03,852 - WARNING - ⚠️  603256 网络错误，4秒后重试 (2/3): ConnectionError
2026-01-28 15:40:08,087 - WARNING - ⚠️  603256 重试3次后仍失败，跳过
2026-01-28 15:40:08,087 - WARNING - ⚠️  603256 数据为空，跳过
2026-01-28 15:40:08,385 - WARNING - ⚠️  000737 网络错误，2秒后重试 (1/3): ConnectionError
2026-01-28 15:40:10,611 - WARNING - ⚠️  000737 网络错误，4秒后重试 (2/3): ConnectionError
2026-01-28 15:40:14,892 - WARNING - ⚠️  000737 重试3次后仍失败，跳过
2026-01-28 15:40:14,892 - WARNING - ⚠️  000737 数据为空，跳过
2026-01-28 15:40:15,256 - WARNING - ⚠️  002237 网络错误，2秒后重试 (1/3): ConnectionError
2026-01-28 15:40:17,469 - WARNING - ⚠️  002237 网络错误，4秒后重试 (2/3): ConnectionError
2026-01-28 15:40:21,692 - WARNING - ⚠️  002237 重试3次后仍失败，跳过
2026-01-28 15:40:21,692 - WARNING - ⚠️  002237 数据为空，跳过
2026-01-28 15:40:22,020 - WARNING - ⚠️  600869 网络错误，2秒后重试 (1/3): ConnectionError
2026-01-28 15:40:24,259 - WARNING - ⚠️  600869 网络错误，4秒后重试 (2/3): ConnectionError
2026-01-28 15:40:28,503 - WARNING - ⚠️  600869 重试3次后仍失败，跳过
2026-01-28 15:40:28,504 - WARNING - ⚠️  600869 数据为空，跳过
2026-01-28 15:40:28,844 - WARNING - ⚠️  000807 网络错误，2秒后重试 (1/3): ConnectionError
2026-01-28 15:40:31,088 - WARNING - ⚠️  000807 网络错误，4秒后重试 (2/3): ConnectionError
2026-01-28 15:40:35,303 - WARNING - ⚠️  000807 重试3次后仍失败，跳过
2026-01-28 15:40:35,304 - WARNING - ⚠️  000807 数据为空，跳过
2026-01-28 15:40:35,644 - WARNING - ⚠️  002080 网络错误，2秒后重试 (1/3): ConnectionError
2026-01-28 15:40:37,883 - WARNING - ⚠️  002080 网络错误，4秒后重试 (2/3): ConnectionError
2026-01-28 15:40:42,087 - WARNING - ⚠️  002080 重试3次后仍失败，跳过
2026-01-28 15:40:42,088 - WARNING - ⚠️  002080 数据为空，跳过
2026-01-28 15:40:42,447 - WARNING - ⚠️  601702 网络错误，2秒后重试 (1/3): ConnectionError
2026-01-28 15:40:44,675 - WARNING - ⚠️  601702 网络错误，4秒后重试 (2/3): ConnectionError
2026-01-28 15:40:48,900 - WARNING - ⚠️  601702 重试3次后仍失败，跳过
2026-01-28 15:40:48,900 - WARNING - ⚠️  601702 数据为空，跳过
2026-01-28 15:40:49,208 - WARNING - ⚠️  600490 网络错误，2秒后重试 (1/3): ConnectionError
2026-01-28 15:40:51,436 - WARNING - ⚠️  600490 网络错误，4秒后重试 (2/3): ConnectionError
2026-01-28 15:40:55,652 - WARNING - ⚠️  600490 重试3次后仍失败，跳过
2026-01-28 15:40:55,653 - WARNING - ⚠️  600490 数据为空，跳过
2026-01-28 15:40:55,979 - WARNING - ⚠️  601068 网络错误，2秒后重试 (1/3): ConnectionError
2026-01-28 15:40:58,195 - WARNING - ⚠️  601068 网络错误，4秒后重试 (2/3): ConnectionError
2026-01-28 15:41:02,418 - WARNING - ⚠️  601068 重试3次后仍失败，跳过
2026-01-28 15:41:02,419 - WARNING - ⚠️  601068 数据为空，跳过
2026-01-28 15:41:02,733 - WARNING - ⚠️  600489 网络错误，2秒后重试 (1/3): ConnectionError
2026-01-28 15:41:05,028 - WARNING - ⚠️  600489 网络错误，4秒后重试 (2/3): ConnectionError
2026-01-28 15:41:09,269 - WARNING - ⚠️  600489 重试3次后仍失败，跳过
2026-01-28 15:41:09,269 - WARNING - ⚠️  600489 数据为空，跳过
2026-01-28 15:41:09,605 - WARNING - ⚠️  002667 网络错误，2秒后重试 (1/3): ConnectionError
2026-01-28 15:41:11,839 - WARNING - ⚠️  002667 网络错误，4秒后重试 (2/3): ConnectionError
2026-01-28 15:41:16,066 - WARNING - ⚠️  002667 重试3次后仍失败，跳过
2026-01-28 15:41:16,066 - WARNING - ⚠️  002667 数据为空，跳过
2026-01-28 15:41:16,386 - WARNING - ⚠️  603680 网络错误，2秒后重试 (1/3): ConnectionError
2026-01-28 15:41:18,615 - WARNING - ⚠️  603680 网络错误，4秒后重试 (2/3): ConnectionError
2026-01-28 15:41:22,835 - WARNING - ⚠️  603680 重试3次后仍失败，跳过
2026-01-28 15:41:22,836 - WARNING - ⚠️  603680 数据为空，跳过
2026-01-28 15:41:23,177 - WARNING - ⚠️  600219 网络错误，2秒后重试 (1/3): ConnectionError
2026-01-28 15:41:25,545 - WARNING - ⚠️  600219 网络错误，4秒后重试 (2/3): ConnectionError
2026-01-28 15:41:29,861 - WARNING - ⚠️  600219 重试3次后仍失败，跳过
2026-01-28 15:41:29,862 - WARNING - ⚠️  600219 数据为空，跳过
2026-01-28 15:41:30,291 - WARNING - ⚠️  002716 网络错误，2秒后重试 (1/3): ConnectionError
2026-01-28 15:41:32,618 - WARNING - ⚠️  002716 网络错误，4秒后重试 (2/3): ConnectionError
2026-01-28 15:41:36,959 - WARNING - ⚠️  002716 重试3次后仍失败，跳过
2026-01-28 15:41:36,959 - WARNING - ⚠️  002716 数据为空，跳过
2026-01-28 15:41:37,379 - WARNING - ⚠️  002532 网络错误，2秒后重试 (1/3): ConnectionError
2026-01-28 15:41:39,697 - WARNING - ⚠️  002532 网络错误，4秒后重试 (2/3): ConnectionError
2026-01-28 15:41:44,021 - WARNING - ⚠️  002532 重试3次后仍失败，跳过
2026-01-28 15:41:44,022 - WARNING - ⚠️  002532 数据为空，跳过
2026-01-28 15:41:44,439 - WARNING - ⚠️  600740 网络错误，2秒后重试 (1/3): ConnectionError
2026-01-28 15:41:46,752 - WARNING - ⚠️  600740 网络错误，4秒后重试 (2/3): ConnectionError
2026-01-28 15:41:51,078 - WARNING - ⚠️  600740 重试3次后仍失败，跳过
2026-01-28 15:41:51,079 - WARNING - ⚠️  600740 数据为空，跳过
2026-01-28 15:41:51,491 - WARNING - ⚠️  601015 网络错误，2秒后重试 (1/3): ConnectionError
2026-01-28 15:41:53,804 - WARNING - ⚠️  601015 网络错误，4秒后重试 (2/3): ConnectionError
2026-01-28 15:41:58,139 - WARNING - ⚠️  601015 重试3次后仍失败，跳过
2026-01-28 15:41:58,139 - WARNING - ⚠️  601015 数据为空，跳过
2026-01-28 15:41:58,596 - WARNING - ⚠️  603601 网络错误，2秒后重试 (1/3): ConnectionError
2026-01-28 15:42:00,901 - WARNING - ⚠️  603601 网络错误，4秒后重试 (2/3): ConnectionError
2026-01-28 15:42:05,228 - WARNING - ⚠️  603601 重试3次后仍失败，跳过
2026-01-28 15:42:05,228 - WARNING - ⚠️  603601 数据为空，跳过
2026-01-28 15:42:05,642 - WARNING - ⚠️  301177 网络错误，2秒后重试 (1/3): ConnectionError
2026-01-28 15:42:07,976 - WARNING - ⚠️  301177 网络错误，4秒后重试 (2/3): ConnectionError
2026-01-28 15:42:12,315 - WARNING - ⚠️  301177 重试3次后仍失败，跳过
2026-01-28 15:42:12,316 - WARNING - ⚠️  301177 数据为空，跳过
2026-01-28 15:42:12,750 - WARNING - ⚠️  600459 网络错误，2秒后重试 (1/3): ConnectionError
2026-01-28 15:42:15,058 - WARNING - ⚠️  600459 网络错误，4秒后重试 (2/3): ConnectionError
2026-01-28 15:42:19,367 - WARNING - ⚠️  600459 重试3次后仍失败，跳过
2026-01-28 15:42:19,368 - WARNING - ⚠️  600459 数据为空，跳过
2026-01-28 15:42:19,782 - WARNING - ⚠️  601799 网络错误，2秒后重试 (1/3): ConnectionError
2026-01-28 15:42:22,115 - WARNING - ⚠️  601799 网络错误，4秒后重试 (2/3): ConnectionError
2026-01-28 15:42:26,448 - WARNING - ⚠️  601799 重试3次后仍失败，跳过
2026-01-28 15:42:26,448 - WARNING - ⚠️  601799 数据为空，跳过
2026-01-28 15:42:26,883 - WARNING - ⚠️  000603 网络错误，2秒后重试 (1/3): ConnectionError
2026-01-28 15:42:29,198 - WARNING - ⚠️  000603 网络错误，4秒后重试 (2/3): ConnectionError
2026-01-28 15:42:33,500 - WARNING - ⚠️  000603 重试3次后仍失败，跳过
2026-01-28 15:42:33,500 - WARNING - ⚠️  000603 数据为空，跳过
2026-01-28 15:42:33,920 - WARNING - ⚠️  600961 网络错误，2秒后重试 (1/3): ConnectionError
2026-01-28 15:42:36,243 - WARNING - ⚠️  600961 网络错误，4秒后重试 (2/3): ConnectionError
2026-01-28 15:42:40,557 - WARNING - ⚠️  600961 重试3次后仍失败，跳过
2026-01-28 15:42:40,557 - WARNING - ⚠️  600961 数据为空，跳过
2026-01-28 15:42:40,851 - WARNING - ⚠️  000878 网络错误，2秒后重试 (1/3): ConnectionError
2026-01-28 15:42:43,127 - WARNING - ⚠️  000878 网络错误，4秒后重试 (2/3): ConnectionError
2026-01-28 15:42:47,361 - WARNING - ⚠️  000878 重试3次后仍失败，跳过
2026-01-28 15:42:47,361 - WARNING - ⚠️  000878 数据为空，跳过
2026-01-28 15:42:47,733 - WARNING - ⚠️  600988 网络错误，2秒后重试 (1/3): ConnectionError
2026-01-28 15:42:49,947 - WARNING - ⚠️  600988 网络错误，4秒后重试 (2/3): ConnectionError
2026-01-28 15:42:54,233 - WARNING - ⚠️  600988 重试3次后仍失败，跳过
2026-01-28 15:42:54,233 - WARNING - ⚠️  600988 数据为空，跳过
2026-01-28 15:42:54,586 - WARNING - ⚠️  002342 网络错误，2秒后重试 (1/3): ConnectionError
2026-01-28 15:42:56,851 - WARNING - ⚠️  002342 网络错误，4秒后重试 (2/3): ConnectionError
2026-01-28 15:43:01,088 - WARNING - ⚠️  002342 重试3次后仍失败，跳过
2026-01-28 15:43:01,089 - WARNING - ⚠️  002342 数据为空，跳过
2026-01-28 15:43:01,382 - WARNING - ⚠️  600262 网络错误，2秒后重试 (1/3): ConnectionError
2026-01-28 15:43:03,590 - WARNING - ⚠️  600262 网络错误，4秒后重试 (2/3): ConnectionError
2026-01-28 15:43:07,819 - WARNING - ⚠️  600262 重试3次后仍失败，跳过
2026-01-28 15:43:07,819 - WARNING - ⚠️  600262 数据为空，跳过
2026-01-28 15:43:08,145 - WARNING - ⚠️  002842 网络错误，2秒后重试 (1/3): ConnectionError
2026-01-28 15:43:10,408 - WARNING - ⚠️  002842 网络错误，4秒后重试 (2/3): ConnectionError
2026-01-28 15:43:14,643 - WARNING - ⚠️  002842 重试3次后仍失败，跳过
2026-01-28 15:43:14,643 - WARNING - ⚠️  002842 数据为空，跳过
2026-01-28 15:43:14,936 - WARNING - ⚠️  600759 网络错误，2秒后重试 (1/3): ConnectionError
2026-01-28 15:43:17,141 - WARNING - ⚠️  600759 网络错误，4秒后重试 (2/3): ConnectionError
2026-01-28 15:43:21,360 - WARNING - ⚠️  600759 重试3次后仍失败，跳过
2026-01-28 15:43:21,361 - WARNING - ⚠️  600759 数据为空，跳过
2026-01-28 15:43:21,536 - INFO - 🔥 更新高分妖股: 9 只
2026-01-28 15:43:21,673 - WARNING - ⚠️  300750 网络错误，2秒后重试 (1/3): ConnectionError
2026-01-28 15:43:23,886 - WARNING - ⚠️  300750 网络错误，4秒后重试 (2/3): ConnectionError
2026-01-28 15:43:28,101 - WARNING - ⚠️  300750 重试3次后仍失败，跳过
2026-01-28 15:43:28,102 - WARNING - ⚠️  300750 数据为空，跳过
2026-01-28 15:43:28,416 - WARNING - ⚠️  002594 网络错误，2秒后重试 (1/3): ConnectionError
2026-01-28 15:43:30,628 - WARNING - ⚠️  002594 网络错误，4秒后重试 (2/3): ConnectionError
2026-01-28 15:43:34,819 - WARNING - ⚠️  002594 重试3次后仍失败，跳过
2026-01-28 15:43:34,820 - WARNING - ⚠️  002594 数据为空，跳过
2026-01-28 15:43:35,102 - WARNING - ⚠️  603501 网络错误，2秒后重试 (1/3): ConnectionError
2026-01-28 15:43:37,293 - WARNING - ⚠️  603501 网络错误，4秒后重试 (2/3): ConnectionError
2026-01-28 15:43:41,459 - WARNING - ⚠️  603501 重试3次后仍失败，跳过
2026-01-28 15:43:41,460 - WARNING - ⚠️  603501 数据为空，跳过
2026-01-28 15:43:41,721 - WARNING - ⚠️  600519 网络错误，2秒后重试 (1/3): ConnectionError
2026-01-28 15:43:43,921 - WARNING - ⚠️  600519 网络错误，4秒后重试 (2/3): ConnectionError
2026-01-28 15:43:48,103 - WARNING - ⚠️  600519 重试3次后仍失败，跳过
2026-01-28 15:43:48,103 - WARNING - ⚠️  600519 数据为空，跳过
2026-01-28 15:43:48,373 - WARNING - ⚠️  000858 网络错误，2秒后重试 (1/3): ConnectionError
2026-01-28 15:43:50,553 - WARNING - ⚠️  000858 网络错误，4秒后重试 (2/3): ConnectionError
2026-01-28 15:43:54,727 - WARNING - ⚠️  000858 重试3次后仍失败，跳过
2026-01-28 15:43:54,727 - WARNING - ⚠️  000858 数据为空，跳过
2026-01-28 15:43:54,988 - WARNING - ⚠️  601318 网络错误，2秒后重试 (1/3): ConnectionError
2026-01-28 15:43:57,178 - WARNING - ⚠️  601318 网络错误，4秒后重试 (2/3): ConnectionError
2026-01-28 15:44:01,350 - WARNING - ⚠️  601318 重试3次后仍失败，跳过
2026-01-28 15:44:01,351 - WARNING - ⚠️  601318 数据为空，跳过
2026-01-28 15:44:01,618 - WARNING - ⚠️  600036 网络错误，2秒后重试 (1/3): ConnectionError
2026-01-28 15:44:03,785 - WARNING - ⚠️  600036 网络错误，4秒后重试 (2/3): ConnectionError
2026-01-28 15:44:07,971 - WARNING - ⚠️  600036 重试3次后仍失败，跳过
2026-01-28 15:44:07,972 - WARNING - ⚠️  600036 数据为空，跳过
2026-01-28 15:44:08,223 - WARNING - ⚠️  600276 网络错误，2秒后重试 (1/3): ConnectionError
2026-01-28 15:44:10,420 - WARNING - ⚠️  600276 网络错误，4秒后重试 (2/3): ConnectionError
2026-01-28 15:44:14,582 - WARNING - ⚠️  600276 重试3次后仍失败，跳过
2026-01-28 15:44:14,582 - WARNING - ⚠️  600276 数据为空，跳过
2026-01-28 15:44:14,836 - WARNING - ⚠️  000001 网络错误，2秒后重试 (1/3): ConnectionError
2026-01-28 15:44:17,015 - WARNING - ⚠️  000001 网络错误，4秒后重试 (2/3): ConnectionError
2026-01-28 15:44:21,204 - WARNING - ⚠️  000001 重试3次后仍失败，跳过
2026-01-28 15:44:21,204 - WARNING - ⚠️  000001 数据为空，跳过
2026-01-28 15:44:21,380 - INFO - 💾 基因库保存成功: 10 只股票
2026-01-28 15:44:21,380 - INFO - ✅ 增量更新完成!
2026-01-28 15:44:21,381 - INFO - ?? 更新: 0 只
2026-01-28 15:44:21,381 - INFO - ⏱️  耗时: 9.3 分钟

✅ 维护完成
2026-01-28 15:44:23,668 - INFO - ✅ 妖股基因库加载成功: 10 只股票
📊 基因库统计:
   总数: 10只
   超级妖股(≥80分): 2只
   强妖股(60-79分): 7只

================================================
维护结束时间: 2026-01-28 15:44:23
================================================
